  Page 1                                    Sun Mar 22 22:33:15 2026

  ******************************************************************
  *                           E P A N E T                          *
  *                   Hydraulic and Water Quality                  *
  *                   Analysis for Pipe Networks                   *
  *                          Version 2.3.05                        *
  ******************************************************************
  
  Starting Lua test script
  Variable a:	10
  Variable b:	3
  a + b =	13
  a - b =	7
  a * b =	30
  a / b =	3.3333333333333
  a ^ b =	1000.0
  Square root of	16	=	4.0
  sin(90 degrees in radians) =	1.0
  Random number (0–1) =	0.17962470203806
  Loop test:
  Iteration:	1
  Iteration:	2
  Iteration:	3
  Iteration:	4
  Iteration:	5
  Pressure is normal:	25
  Analysis begun Sun Mar 22 22:33:15 2026

   
  Hydraulic Status:
  -----------------------------------------------------------------------
     0:00:00: Balancing the network:

              Trial  1: relative flow change = 1.558068
              Trial  2: relative flow change = 0.953444
              Trial  3: relative flow change = 0.150092
              Trial  4: relative flow change = 0.042847
              Trial  5: relative flow change = 0.013400
              Trial  6: relative flow change = 0.002364
              Trial  7: relative flow change = 0.000591
                        maximum  flow change = 0.0140 for Link P90
                        maximum  head error  = 0.0000 for Link P30

  Starting Lua test script
  Variable a:	10
  Variable b:	3
  a + b =	13
  a - b =	7
  a * b =	30
  a / b =	3.3333333333333
  a ^ b =	1000.0
  Square root of	16	=	4.0
  sin(90 degrees in radians) =	1.0
  Random number (0–1) =	0.85097938697332
  Loop test:
  Iteration:	1
  Iteration:	2
  Iteration:	3
  Iteration:	4
  Iteration:	5
  Pressure is normal:	25
     0:00:00: Balanced after 7 trials
     0:00:00: Reservoir R2 is closed
     0:00:00: Tank T1 is emptying at 5.00 m
   
     1:00:00: Balancing the network:

              Trial  1: relative flow change = 0.084693
              Trial  2: relative flow change = 0.001584
              Trial  3: relative flow change = 0.000003
                        maximum  flow change = 0.0001 for Link P82
                        maximum  head error  = 0.0000 for Link P82

  Starting Lua test script
  Variable a:	10
  Variable b:	3
  a + b =	13
  a - b =	7
  a * b =	30
  a / b =	3.3333333333333
  a ^ b =	1000.0
  Square root of	16	=	4.0
  sin(90 degrees in radians) =	1.0
  Random number (0–1) =	0.68356392265644
  Loop test:
  Iteration:	1
  Iteration:	2
  Iteration:	3
  Iteration:	4
  Iteration:	5
  Pressure is normal:	25
     1:00:00: Balanced after 3 trials
   
     2:00:00: Balancing the network:

              Trial  1: relative flow change = 0.092423
              Trial  2: relative flow change = 0.001708
              Trial  3: relative flow change = 0.000000
                        maximum  flow change = 0.0000 for Link P6
                        maximum  head error  = 0.0000 for Link P44

  Starting Lua test script
  Variable a:	10
  Variable b:	3
  a + b =	13
  a - b =	7
  a * b =	30
  a / b =	3.3333333333333
  a ^ b =	1000.0
  Square root of	16	=	4.0
  sin(90 degrees in radians) =	1.0
  Random number (0–1) =	0.9735494103576
  Loop test:
  Iteration:	1
  Iteration:	2
  Iteration:	3
  Iteration:	4
  Iteration:	5
  Pressure is normal:	25
     2:00:00: Balanced after 3 trials
   
     3:00:00: Balancing the network:

              Trial  1: relative flow change = 0.156810
              Trial  2: relative flow change = 0.003081
              Trial  3: relative flow change = 0.000002
                        maximum  flow change = 0.0000 for Link P69
                        maximum  head error  = 0.0000 for Link P44

  Starting Lua test script
  Variable a:	10
  Variable b:	3
  a + b =	13
  a - b =	7
  a * b =	30
  a / b =	3.3333333333333
  a ^ b =	1000.0
  Square root of	16	=	4.0
  sin(90 degrees in radians) =	1.0
  Random number (0–1) =	0.61982708677621
  Loop test:
  Iteration:	1
  Iteration:	2
  Iteration:	3
  Iteration:	4
  Iteration:	5
  Pressure is normal:	25
     3:00:00: Balanced after 3 trials
   
     4:00:00: Balancing the network:

              Trial  1: relative flow change = 0.281334
              Trial  2: relative flow change = 0.005490
              Trial  3: relative flow change = 0.000007
                        maximum  flow change = 0.0001 for Link P6
                        maximum  head error  = 0.0000 for Link P44

  Starting Lua test script
  Variable a:	10
  Variable b:	3
  a + b =	13
  a - b =	7
  a * b =	30
  a / b =	3.3333333333333
  a ^ b =	1000.0
  Square root of	16	=	4.0
  sin(90 degrees in radians) =	1.0
  Random number (0–1) =	0.59458070878406
  Loop test:
  Iteration:	1
  Iteration:	2
  Iteration:	3
  Iteration:	4
  Iteration:	5
  Pressure is normal:	25
     4:00:00: Balanced after 3 trials
   
     5:00:00: Balancing the network:

              Trial  1: relative flow change = 0.330217
              Trial  2: relative flow change = 0.006210
              Trial  3: relative flow change = 0.000006
                        maximum  flow change = 0.0001 for Link P6
                        maximum  head error  = 0.0000 for Link P44

  Starting Lua test script
  Variable a:	10
  Variable b:	3
  a + b =	13
  a - b =	7
  a * b =	30
  a / b =	3.3333333333333
  a ^ b =	1000.0
  Square root of	16	=	4.0
  sin(90 degrees in radians) =	1.0
  Random number (0–1) =	0.074144708493058
  Loop test:
  Iteration:	1
  Iteration:	2
  Iteration:	3
  Iteration:	4
  Iteration:	5
  Pressure is normal:	25
     5:00:00: Balanced after 3 trials
   
     6:00:00: Balancing the network:

              Trial  1: relative flow change = 0.187991
              Trial  2: relative flow change = 0.003451
              Trial  3: relative flow change = 0.000002
                        maximum  flow change = 0.0000 for Link P6
                        maximum  head error  = 0.0000 for Link P44

  Starting Lua test script
  Variable a:	10
  Variable b:	3
  a + b =	13
  a - b =	7
  a * b =	30
  a / b =	3.3333333333333
  a ^ b =	1000.0
  Square root of	16	=	4.0
  sin(90 degrees in radians) =	1.0
  Random number (0–1) =	0.1636547716732
  Loop test:
  Iteration:	1
  Iteration:	2
  Iteration:	3
  Iteration:	4
  Iteration:	5
  Pressure is normal:	25
     6:00:00: Balanced after 3 trials
   
     7:00:00: Balancing the network:

              Trial  1: relative flow change = 0.153562
              Trial  2: relative flow change = 0.002816
              Trial  3: relative flow change = 0.000001
                        maximum  flow change = 0.0000 for Link P6
                        maximum  head error  = 0.0000 for Link P44

  Starting Lua test script
  Variable a:	10
  Variable b:	3
  a + b =	13
  a - b =	7
  a * b =	30
  a / b =	3.3333333333333
  a ^ b =	1000.0
  Square root of	16	=	4.0
  sin(90 degrees in radians) =	1.0
  Random number (0–1) =	0.48759141273297
  Loop test:
  Iteration:	1
  Iteration:	2
  Iteration:	3
  Iteration:	4
  Iteration:	5
  Pressure is normal:	25
     7:00:00: Balanced after 3 trials
   
     8:00:00: Balancing the network:

              Trial  1: relative flow change = 0.146367
              Trial  2: relative flow change = 0.002694
              Trial  3: relative flow change = 0.000001
                        maximum  flow change = 0.0000 for Link P6
                        maximum  head error  = 0.0000 for Link P44

  Starting Lua test script
  Variable a:	10
  Variable b:	3
  a + b =	13
  a - b =	7
  a * b =	30
  a / b =	3.3333333333333
  a ^ b =	1000.0
  Square root of	16	=	4.0
  sin(90 degrees in radians) =	1.0
  Random number (0–1) =	0.70621943201223
  Loop test:
  Iteration:	1
  Iteration:	2
  Iteration:	3
  Iteration:	4
  Iteration:	5
  Pressure is normal:	25
     8:00:00: Balanced after 3 trials
   
     9:00:00: Balancing the network:

              Trial  1: relative flow change = 0.171882
              Trial  2: relative flow change = 0.003165
              Trial  3: relative flow change = 0.000002
                        maximum  flow change = 0.0000 for Link P6
                        maximum  head error  = 0.0000 for Link P44

  Starting Lua test script
  Variable a:	10
  Variable b:	3
  a + b =	13
  a - b =	7
  a * b =	30
  a / b =	3.3333333333333
  a ^ b =	1000.0
  Square root of	16	=	4.0
  sin(90 degrees in radians) =	1.0
  Random number (0–1) =	0.68865989762365
  Loop test:
  Iteration:	1
  Iteration:	2
  Iteration:	3
  Iteration:	4
  Iteration:	5
  Pressure is normal:	25
     9:00:00: Balanced after 3 trials
   
    10:00:00: Balancing the network:

              Trial  1: relative flow change = 0.208156
              Trial  2: relative flow change = 0.003836
              Trial  3: relative flow change = 0.000002
                        maximum  flow change = 0.0000 for Link P6
                        maximum  head error  = 0.0000 for Link P44

  Starting Lua test script
  Variable a:	10
  Variable b:	3
  a + b =	13
  a - b =	7
  a * b =	30
  a / b =	3.3333333333333
  a ^ b =	1000.0
  Square root of	16	=	4.0
  sin(90 degrees in radians) =	1.0
  Random number (0–1) =	0.68240362818316
  Loop test:
  Iteration:	1
  Iteration:	2
  Iteration:	3
  Iteration:	4
  Iteration:	5
  Pressure is normal:	25
    10:00:00: Balanced after 3 trials
   
    10:57:22: Pump PU1 changed by Tank T1 control
    10:57:22: Balancing the network:

              Trial  1: relative flow change = 1.101667
              Trial  2: relative flow change = 0.804744
              Trial  3: relative flow change = 0.348996
              Trial  4: relative flow change = 0.052921
              Trial  5: relative flow change = 0.001351
              Trial  6: relative flow change = 0.000003
                        maximum  flow change = 0.0001 for Link P20
                        maximum  head error  = 0.0000 for Link P20

  Starting Lua test script
  Variable a:	10
  Variable b:	3
  a + b =	13
  a - b =	7
  a * b =	30
  a / b =	3.3333333333333
  a ^ b =	1000.0
  Square root of	16	=	4.0
  sin(90 degrees in radians) =	1.0
  Random number (0–1) =	0.36685253796897
  Loop test:
  Iteration:	1
  Iteration:	2
  Iteration:	3
  Iteration:	4
  Iteration:	5
  Pressure is normal:	25
    10:57:22: Balanced after 6 trials
    10:57:22: Reservoir R2 is emptying
    10:57:22: Tank T1 is filling at 3.50 m
    10:57:22: Pump PU1 changed from closed to open
   
    11:00:00: Balancing the network:

              Trial  1: relative flow change = 0.056555
              Trial  2: relative flow change = 0.002052
              Trial  3: relative flow change = 0.000003
                        maximum  flow change = 0.0001 for Link P65
                        maximum  head error  = 0.0000 for Link P122

  Starting Lua test script
  Variable a:	10
  Variable b:	3
  a + b =	13
  a - b =	7
  a * b =	30
  a / b =	3.3333333333333
  a ^ b =	1000.0
  Square root of	16	=	4.0
  sin(90 degrees in radians) =	1.0
  Random number (0–1) =	0.36655349223516
  Loop test:
  Iteration:	1
  Iteration:	2
  Iteration:	3
  Iteration:	4
  Iteration:	5
  Pressure is normal:	25
    11:00:00: Balanced after 3 trials
   
    12:00:00: Balancing the network:

              Trial  1: relative flow change = 0.025430
              Trial  2: relative flow change = 0.000576
                        maximum  flow change = 0.0139 for Link P125
                        maximum  head error  = 0.0000 for Link P121

  Starting Lua test script
  Variable a:	10
  Variable b:	3
  a + b =	13
  a - b =	7
  a * b =	30
  a / b =	3.3333333333333
  a ^ b =	1000.0
  Square root of	16	=	4.0
  sin(90 degrees in radians) =	1.0
  Random number (0–1) =	0.2789615023409
  Loop test:
  Iteration:	1
  Iteration:	2
  Iteration:	3
  Iteration:	4
  Iteration:	5
  Pressure is normal:	25
    12:00:00: Balanced after 2 trials
   
    13:00:00: Balancing the network:

              Trial  1: relative flow change = 0.021449
              Trial  2: relative flow change = 0.000461
                        maximum  flow change = 0.0139 for Link V1
                        maximum  head error  = 0.0000 for Link P6

  Starting Lua test script
  Variable a:	10
  Variable b:	3
  a + b =	13
  a - b =	7
  a * b =	30
  a / b =	3.3333333333333
  a ^ b =	1000.0
  Square root of	16	=	4.0
  sin(90 degrees in radians) =	1.0
  Random number (0–1) =	0.88352167783263
  Loop test:
  Iteration:	1
  Iteration:	2
  Iteration:	3
  Iteration:	4
  Iteration:	5
  Pressure is normal:	25
    13:00:00: Balanced after 2 trials
   
    14:00:00: Balancing the network:

              Trial  1: relative flow change = 0.054844
              Trial  2: relative flow change = 0.001459
              Trial  3: relative flow change = 0.000002
                        maximum  flow change = 0.0000 for Link P53
                        maximum  head error  = 0.0000 for Link P122

  Starting Lua test script
  Variable a:	10
  Variable b:	3
  a + b =	13
  a - b =	7
  a * b =	30
  a / b =	3.3333333333333
  a ^ b =	1000.0
  Square root of	16	=	4.0
  sin(90 degrees in radians) =	1.0
  Random number (0–1) =	0.88102650108841
  Loop test:
  Iteration:	1
  Iteration:	2
  Iteration:	3
  Iteration:	4
  Iteration:	5
  Pressure is normal:	25
    14:00:00: Balanced after 3 trials
   
    15:00:00: Balancing the network:

              Trial  1: relative flow change = 0.031953
              Trial  2: relative flow change = 0.000813
                        maximum  flow change = 0.0208 for Link P125
                        maximum  head error  = 0.0000 for Link P122

  Starting Lua test script
  Variable a:	10
  Variable b:	3
  a + b =	13
  a - b =	7
  a * b =	30
  a / b =	3.3333333333333
  a ^ b =	1000.0
  Square root of	16	=	4.0
  sin(90 degrees in radians) =	1.0
  Random number (0–1) =	0.082239137472722
  Loop test:
  Iteration:	1
  Iteration:	2
  Iteration:	3
  Iteration:	4
  Iteration:	5
  Pressure is normal:	25
    15:00:00: Balanced after 2 trials
   
    16:00:00: Balancing the network:

              Trial  1: relative flow change = 0.069240
              Trial  2: relative flow change = 0.002741
              Trial  3: relative flow change = 0.000005
                        maximum  flow change = 0.0001 for Link P121
                        maximum  head error  = 0.0000 for Link P49

  Starting Lua test script
  Variable a:	10
  Variable b:	3
  a + b =	13
  a - b =	7
  a * b =	30
  a / b =	3.3333333333333
  a ^ b =	1000.0
  Square root of	16	=	4.0
  sin(90 degrees in radians) =	1.0
  Random number (0–1) =	0.32132497535385
  Loop test:
  Iteration:	1
  Iteration:	2
  Iteration:	3
  Iteration:	4
  Iteration:	5
  Pressure is normal:	25
    16:00:00: Balanced after 3 trials
   
    17:00:00: Balancing the network:

              Trial  1: relative flow change = 0.052048
              Trial  2: relative flow change = 0.001638
              Trial  3: relative flow change = 0.000001
                        maximum  flow change = 0.0000 for Link P121
                        maximum  head error  = 0.0000 for Link P49

  Starting Lua test script
  Variable a:	10
  Variable b:	3
  a + b =	13
  a - b =	7
  a * b =	30
  a / b =	3.3333333333333
  a ^ b =	1000.0
  Square root of	16	=	4.0
  sin(90 degrees in radians) =	1.0
  Random number (0–1) =	0.97295582641339
  Loop test:
  Iteration:	1
  Iteration:	2
  Iteration:	3
  Iteration:	4
  Iteration:	5
  Pressure is normal:	25
    17:00:00: Balanced after 3 trials
   
    18:00:00: Balancing the network:

              Trial  1: relative flow change = 0.100662
              Trial  2: relative flow change = 0.004489
              Trial  3: relative flow change = 0.000012
                        maximum  flow change = 0.0004 for Link P121
                        maximum  head error  = 0.0000 for Link P121

  Starting Lua test script
  Variable a:	10
  Variable b:	3
  a + b =	13
  a - b =	7
  a * b =	30
  a / b =	3.3333333333333
  a ^ b =	1000.0
  Square root of	16	=	4.0
  sin(90 degrees in radians) =	1.0
  Random number (0–1) =	0.20619360070205
  Loop test:
  Iteration:	1
  Iteration:	2
  Iteration:	3
  Iteration:	4
  Iteration:	5
  Pressure is normal:	25
    18:00:00: Balanced after 3 trials
   
    19:00:00: Balancing the network:

              Trial  1: relative flow change = 0.095868
              Trial  2: relative flow change = 0.002759
              Trial  3: relative flow change = 0.000005
                        maximum  flow change = 0.0001 for Link P102
                        maximum  head error  = 0.0000 for Link P122

  Starting Lua test script
  Variable a:	10
  Variable b:	3
  a + b =	13
  a - b =	7
  a * b =	30
  a / b =	3.3333333333333
  a ^ b =	1000.0
  Square root of	16	=	4.0
  sin(90 degrees in radians) =	1.0
  Random number (0–1) =	0.45743282574016
  Loop test:
  Iteration:	1
  Iteration:	2
  Iteration:	3
  Iteration:	4
  Iteration:	5
  Pressure is normal:	25
    19:00:00: Balanced after 3 trials
   
    20:00:00: Balancing the network:

              Trial  1: relative flow change = 0.022379
              Trial  2: relative flow change = 0.000477
                        maximum  flow change = 0.0139 for Link V1
                        maximum  head error  = 0.0000 for Link P6

  Starting Lua test script
  Variable a:	10
  Variable b:	3
  a + b =	13
  a - b =	7
  a * b =	30
  a / b =	3.3333333333333
  a ^ b =	1000.0
  Square root of	16	=	4.0
  sin(90 degrees in radians) =	1.0
  Random number (0–1) =	0.33324712381636
  Loop test:
  Iteration:	1
  Iteration:	2
  Iteration:	3
  Iteration:	4
  Iteration:	5
  Pressure is normal:	25
    20:00:00: Balanced after 2 trials
   
    20:34:41: Pump PU1 changed by Tank T1 control
    20:34:41: Balancing the network:

              Trial  1: relative flow change = 2.861687
              Trial  2: relative flow change = 0.076389
              Trial  3: relative flow change = 0.005993
              Trial  4: relative flow change = 0.000141
                        maximum  flow change = 0.0018 for Link P53
                        maximum  head error  = 0.0000 for Link P122

  Starting Lua test script
  Variable a:	10
  Variable b:	3
  a + b =	13
  a - b =	7
  a * b =	30
  a / b =	3.3333333333333
  a ^ b =	1000.0
  Square root of	16	=	4.0
  sin(90 degrees in radians) =	1.0
  Random number (0–1) =	0.47231888038461
  Loop test:
  Iteration:	1
  Iteration:	2
  Iteration:	3
  Iteration:	4
  Iteration:	5
  Pressure is normal:	25
    20:34:41: Balanced after 4 trials
    20:34:41: Reservoir R2 is closed
    20:34:41: Tank T1 is emptying at 5.20 m
    20:34:41: Pump PU1 changed from open to closed
   
    21:00:00: Balancing the network:

              Trial  1: relative flow change = 0.159877
              Trial  2: relative flow change = 0.002944
              Trial  3: relative flow change = 0.000001
                        maximum  flow change = 0.0000 for Link P6
                        maximum  head error  = 0.0000 for Link P44

  Starting Lua test script
  Variable a:	10
  Variable b:	3
  a + b =	13
  a - b =	7
  a * b =	30
  a / b =	3.3333333333333
  a ^ b =	1000.0
  Square root of	16	=	4.0
  sin(90 degrees in radians) =	1.0
  Random number (0–1) =	0.93841380424775
  Loop test:
  Iteration:	1
  Iteration:	2
  Iteration:	3
  Iteration:	4
  Iteration:	5
  Pressure is normal:	25
    21:00:00: Balanced after 3 trials
   
    22:00:00: Balancing the network:

              Trial  1: relative flow change = 0.316359
              Trial  2: relative flow change = 0.005840
              Trial  3: relative flow change = 0.000006
                        maximum  flow change = 0.0001 for Link P6
                        maximum  head error  = 0.0000 for Link P44

  Starting Lua test script
  Variable a:	10
  Variable b:	3
  a + b =	13
  a - b =	7
  a * b =	30
  a / b =	3.3333333333333
  a ^ b =	1000.0
  Square root of	16	=	4.0
  sin(90 degrees in radians) =	1.0
  Random number (0–1) =	0.7565467382325
  Loop test:
  Iteration:	1
  Iteration:	2
  Iteration:	3
  Iteration:	4
  Iteration:	5
  Pressure is normal:	25
    22:00:00: Balanced after 3 trials
   
    23:00:00: Balancing the network:

              Trial  1: relative flow change = 0.464997
              Trial  2: relative flow change = 0.008630
              Trial  3: relative flow change = 0.000009
                        maximum  flow change = 0.0000 for Link P76
                        maximum  head error  = 0.0000 for Link P93

  Starting Lua test script
  Variable a:	10
  Variable b:	3
  a + b =	13
  a - b =	7
  a * b =	30
  a / b =	3.3333333333333
  a ^ b =	1000.0
  Square root of	16	=	4.0
  sin(90 degrees in radians) =	1.0
  Random number (0–1) =	0.97566400179074
  Loop test:
  Iteration:	1
  Iteration:	2
  Iteration:	3
  Iteration:	4
  Iteration:	5
  Pressure is normal:	25
    23:00:00: Balanced after 3 trials
   
    24:00:00: Balancing the network:

              Trial  1: relative flow change = 0.000000
                        maximum  flow change = 0.0000 for Link P89
                        maximum  head error  = 0.0000 for Link P143

  Starting Lua test script
  Variable a:	10
  Variable b:	3
  a + b =	13
  a - b =	7
  a * b =	30
  a / b =	3.3333333333333
  a ^ b =	1000.0
  Square root of	16	=	4.0
  sin(90 degrees in radians) =	1.0
  Random number (0–1) =	0.68083635815721
  Loop test:
  Iteration:	1
  Iteration:	2
  Iteration:	3
  Iteration:	4
  Iteration:	5
  Pressure is normal:	25
    24:00:00: Balanced after 1 trials
   
  Hydraulic Flow Balance (L/s)
  ================================
  Total Inflow:            12.314
  Consumer Demand:         13.075
  Demand Deficit:           0.000
  Emitter Flow:             0.000
  Leakage Flow:             0.000
  Total Outflow:           13.075
  Storage Flow:            -0.761
  Flow Ratio:               1.000
  ================================

  Analysis ended Sun Mar 22 22:33:15 2026
