  Page 1                                    Sun Mar 15 13:59:29 2026

  ******************************************************************
  *                           E P A N E T                          *
  *                   Hydraulic and Water Quality                  *
  *                   Analysis for Pipe Networks                   *
  *                          Version 2.3.05                        *
  ******************************************************************
  
  VSP Logic Initialized: Target =	90.0
  Analysis begun Sun Mar 15 13:59:29 2026

   
  Hydraulic Status:
  -----------------------------------------------------------------------
     0:00:00: Balancing the network:

              Trial  1: relative flow change = 1.765513
              PRV V1 switched from active to open
              Trial  2: relative flow change = 0.843429
              Pump PU2 switched from open to closed
              Trial  3: relative flow change = 0.140753
              Trial  4: relative flow change = 0.041415
              Trial  5: relative flow change = 0.015519
              Trial  6: relative flow change = 0.002599
              Trial  7: relative flow change = 0.000630
                        maximum  flow change = 0.0139 for Link P90
                        maximum  head error  = 0.0000 for Link P30

              Trial  8: relative flow change = 0.000273
                        maximum  flow change = 0.0088 for Link P82
                        maximum  head error  = 0.0000 for Link P82

              Trial  9: relative flow change = 0.000055
                        maximum  flow change = 0.0022 for Link P82
                        maximum  head error  = 0.0000 for Link P82

              Trial 10: relative flow change = 0.000006
                        maximum  flow change = 0.0001 for Link P82
                        maximum  head error  = 0.0000 for Link PU2

              Trial 11: relative flow change = 0.000000
                        maximum  flow change = 0.0000 for Link V1
                        maximum  head error  = 0.0000 for Link PU2

     0:00:00: Balanced after 11 trials
     0:00:00: Reservoir R2 is closed
     0:00:00: Tank T1 is emptying at 5.00 m
     0:00:00: PRV V1 open
   
  Step Report: Speed=0.787, Pressure=89.972
     1:00:00: Balancing the network:

              Trial  1: relative flow change = 0.084233
              Trial  2: relative flow change = 0.000052
                        maximum  flow change = 0.0006 for Link P91
                        maximum  head error  = 0.0000 for Link P44

              Trial  3: relative flow change = 0.000001
                        maximum  flow change = 0.0000 for Link V1
                        maximum  head error  = 0.0000 for Link PU2

     1:00:00: Balanced after 3 trials
   
  Step Report: Speed=0.785, Pressure=90.016
     2:00:00: Balancing the network:

              Trial  1: relative flow change = 0.091835
              Trial  2: relative flow change = 0.000085
                        maximum  flow change = 0.0008 for Link P91
                        maximum  head error  = 0.0000 for Link P44

              Trial  3: relative flow change = 0.000000
                        maximum  flow change = 0.0000 for Link P91
                        maximum  head error  = 0.0000 for Link PU2

     2:00:00: Balanced after 3 trials
   
  Step Report: Speed=0.783, Pressure=90.021
     3:00:00: Balancing the network:

              Trial  1: relative flow change = 0.155709
              Trial  2: relative flow change = 0.000293
                        maximum  flow change = 0.0034 for Link P91
                        maximum  head error  = 0.0000 for Link P44

              Trial  3: relative flow change = 0.000002
                        maximum  flow change = 0.0000 for Link P69
                        maximum  head error  = 0.0000 for Link PU2

     3:00:00: Balanced after 3 trials
   
  Step Report: Speed=0.789, Pressure=89.950
     4:00:00: Balancing the network:

              Trial  1: relative flow change = 0.280415
              Trial  2: relative flow change = 0.000656
                        maximum  flow change = 0.0092 for Link P91
                        maximum  head error  = 0.0000 for Link P44

              Trial  3: relative flow change = 0.000002
                        maximum  flow change = 0.0000 for Link P6
                        maximum  head error  = 0.0000 for Link PU2

              Trial  4: relative flow change = 0.000000
                        maximum  flow change = 0.0000 for Link P64
                        maximum  head error  = 0.0000 for Link PU2

     4:00:00: Balanced after 4 trials
   
  Step Report: Speed=0.804, Pressure=90.001
     5:00:00: Balancing the network:

              Trial  1: relative flow change = 0.330400
              Trial  2: relative flow change = 0.000396
                        maximum  flow change = 0.0076 for Link P91
                        maximum  head error  = 0.0000 for Link P44

              Trial  3: relative flow change = 0.000001
                        maximum  flow change = 0.0000 for Link P6
                        maximum  head error  = 0.0000 for Link PU2

     5:00:00: Balanced after 3 trials
   
  Step Report: Speed=0.834, Pressure=90.037
     6:00:00: Balancing the network:

              Trial  1: relative flow change = 0.188823
              Trial  2: relative flow change = 0.000050
                        maximum  flow change = 0.0011 for Link P6
                        maximum  head error  = 0.0000 for Link P44

              Trial  3: relative flow change = 0.000001
                        maximum  flow change = 0.0000 for Link P126
                        maximum  head error  = 0.0000 for Link PU2

              Trial  4: relative flow change = 0.000000
                        maximum  flow change = 0.0000 for Link P126
                        maximum  head error  = 0.0000 for Link PU2

     6:00:00: Balanced after 4 trials
   
  Step Report: Speed=0.856, Pressure=89.997
     7:00:00: Balancing the network:

              Trial  1: relative flow change = 0.154496
              Trial  2: relative flow change = 0.000021
                        maximum  flow change = 0.0005 for Link P91
                        maximum  head error  = 0.0000 for Link P44

              Trial  3: relative flow change = 0.000001
                        maximum  flow change = 0.0000 for Link P125_2
                        maximum  head error  = 0.0000 for Link PU2

              Trial  4: relative flow change = 0.000000
                        maximum  flow change = 0.0000 for Link V1
                        maximum  head error  = 0.0000 for Link PU2

     7:00:00: Balanced after 4 trials
   
  Step Report: Speed=0.880, Pressure=89.995
     8:00:00: Balancing the network:

              Trial  1: relative flow change = 0.147768
              Trial  2: relative flow change = 0.000014
                        maximum  flow change = 0.0003 for Link P91
                        maximum  head error  = 0.0000 for Link P44

              Trial  3: relative flow change = 0.000000
                        maximum  flow change = 0.0000 for Link P126
                        maximum  head error  = 0.0000 for Link PU2

              Trial  4: relative flow change = 0.000000
                        maximum  flow change = 0.0000 for Link V1
                        maximum  head error  = 0.0000 for Link PU2

     8:00:00: Balanced after 4 trials
   
  Step Report: Speed=0.864, Pressure=89.998
     9:00:00: Balancing the network:

              Trial  1: relative flow change = 0.173381
              Trial  2: relative flow change = 0.000025
                        maximum  flow change = 0.0005 for Link P91
                        maximum  head error  = 0.0000 for Link P44

              Trial  3: relative flow change = 0.000000
                        maximum  flow change = 0.0000 for Link P125
                        maximum  head error  = 0.0000 for Link PU2

              Trial  4: relative flow change = 0.000000
                        maximum  flow change = 0.0000 for Link P125
                        maximum  head error  = 0.0000 for Link PU2

     9:00:00: Balanced after 4 trials
   
  Step Report: Speed=0.848, Pressure=89.999
    10:00:00: Balancing the network:

              Trial  1: relative flow change = 0.209716
              Trial  2: relative flow change = 0.000054
                        maximum  flow change = 0.0009 for Link P6
                        maximum  head error  = 0.0000 for Link P44

              Trial  3: relative flow change = 0.000001
                        maximum  flow change = 0.0000 for Link V1
                        maximum  head error  = 0.0000 for Link PU2

              Trial  4: relative flow change = 0.000000
                        maximum  flow change = 0.0000 for Link V1
                        maximum  head error  = 0.0000 for Link PU2

    10:00:00: Balanced after 4 trials
   
  Step Report: Speed=0.833, Pressure=89.999
    10:57:22: Pump PU1 changed by Tank T1 control
    10:57:22: Balancing the network:

              Trial  1: relative flow change = 1.099817
              Trial  2: relative flow change = 0.802320
              Trial  3: relative flow change = 0.347588
              Trial  4: relative flow change = 0.052697
              Trial  5: relative flow change = 0.001345
              Trial  6: relative flow change = 0.000003
                        maximum  flow change = 0.0001 for Link P20
                        maximum  head error  = 0.0000 for Link P20

              Trial  7: relative flow change = 0.000000
                        maximum  flow change = 0.0000 for Link V1
                        maximum  head error  = 0.0000 for Link PU2

    10:57:22: Balanced after 7 trials
    10:57:22: Reservoir R2 is emptying
    10:57:22: Tank T1 is filling at 3.50 m
    10:57:22: Pump PU1 changed from closed to open
   
  Step Report: Speed=0.762, Pressure=90.000
    11:00:00: Balancing the network:

              Trial  1: relative flow change = 0.057448
              Trial  2: relative flow change = 0.001441
              Trial  3: relative flow change = 0.000002
                        maximum  flow change = 0.0001 for Link P65
                        maximum  head error  = 0.0000 for Link PU2

              Trial  4: relative flow change = 0.000000
                        maximum  flow change = 0.0000 for Link V1
                        maximum  head error  = 0.0000 for Link PU2

    11:00:00: Balanced after 4 trials
   
  Step Report: Speed=0.779, Pressure=90.002
    12:00:00: Balancing the network:

              Trial  1: relative flow change = 0.025755
              Trial  2: relative flow change = 0.000249
                        maximum  flow change = 0.0054 for Link P120
                        maximum  head error  = 0.0000 for Link P122

              Trial  3: relative flow change = 0.000000
                        maximum  flow change = 0.0000 for Link P125
                        maximum  head error  = 0.0000 for Link PU2

              Trial  4: relative flow change = 0.000000
                        maximum  flow change = 0.0000 for Link P125_2
                        maximum  head error  = 0.0000 for Link PU2

    12:00:00: Balanced after 4 trials
   
  Step Report: Speed=0.785, Pressure=90.000
    13:00:00: Balancing the network:

              Trial  1: relative flow change = 0.021699
              Trial  2: relative flow change = 0.000189
                        maximum  flow change = 0.0041 for Link P120
                        maximum  head error  = 0.0000 for Link P122

              Trial  3: relative flow change = 0.000000
                        maximum  flow change = 0.0000 for Link P125
                        maximum  head error  = 0.0000 for Link PU2

              Trial  4: relative flow change = 0.000000
                        maximum  flow change = 0.0000 for Link P125_2
                        maximum  head error  = 0.0000 for Link PU2

    13:00:00: Balanced after 4 trials
   
  Step Report: Speed=0.777, Pressure=90.000
    14:00:00: Balancing the network:

              Trial  1: relative flow change = 0.055729
              Trial  2: relative flow change = 0.001308
              Trial  3: relative flow change = 0.000001
                        maximum  flow change = 0.0000 for Link P53
                        maximum  head error  = 0.0000 for Link PU2

              Trial  4: relative flow change = 0.000000
                        maximum  flow change = 0.0000 for Link V1
                        maximum  head error  = 0.0000 for Link PU2

    14:00:00: Balanced after 4 trials
   
  Step Report: Speed=0.759, Pressure=90.003
    15:00:00: Balancing the network:

              Trial  1: relative flow change = 0.032397
              Trial  2: relative flow change = 0.000523
                        maximum  flow change = 0.0100 for Link P120
                        maximum  head error  = 0.0000 for Link P122

              Trial  3: relative flow change = 0.000000
                        maximum  flow change = 0.0000 for Link P102
                        maximum  head error  = 0.0000 for Link PU2

              Trial  4: relative flow change = 0.000000
                        maximum  flow change = 0.0000 for Link V1
                        maximum  head error  = 0.0000 for Link PU2

    15:00:00: Balanced after 4 trials
   
  Step Report: Speed=0.747, Pressure=90.001
    16:00:00: Balancing the network:

              Trial  1: relative flow change = 0.070231
              Trial  2: relative flow change = 0.002056
              Trial  3: relative flow change = 0.000004
                        maximum  flow change = 0.0001 for Link P102
                        maximum  head error  = 0.0000 for Link P65

              Trial  4: relative flow change = 0.000000
                        maximum  flow change = 0.0000 for Link P125
                        maximum  head error  = 0.0000 for Link PU2

    16:00:00: Balanced after 4 trials
   
  Step Report: Speed=0.766, Pressure=90.003
    17:00:00: Balancing the network:

              Trial  1: relative flow change = 0.052756
              Trial  2: relative flow change = 0.001064
              Trial  3: relative flow change = 0.000001
                        maximum  flow change = 0.0000 for Link P65
                        maximum  head error  = 0.0000 for Link PU2

              Trial  4: relative flow change = 0.000000
                        maximum  flow change = 0.0000 for Link P125
                        maximum  head error  = 0.0000 for Link PU2

    17:00:00: Balanced after 4 trials
   
  Step Report: Speed=0.779, Pressure=90.001
    18:00:00: Balancing the network:

              Trial  1: relative flow change = 0.102062
              Trial  2: relative flow change = 0.003505
              Trial  3: relative flow change = 0.000009
                        maximum  flow change = 0.0002 for Link P121
                        maximum  head error  = 0.0000 for Link P121

              Trial  4: relative flow change = 0.000000
                        maximum  flow change = 0.0000 for Link V1
                        maximum  head error  = 0.0000 for Link PU2

    18:00:00: Balanced after 4 trials
   
  Step Report: Speed=0.805, Pressure=90.003
    19:00:00: Balancing the network:

              Trial  1: relative flow change = 0.097263
              Trial  2: relative flow change = 0.002974
              Trial  3: relative flow change = 0.000005
                        maximum  flow change = 0.0001 for Link P102
                        maximum  head error  = 0.0000 for Link PU2

              Trial  4: relative flow change = 0.000000
                        maximum  flow change = 0.0000 for Link P125
                        maximum  head error  = 0.0000 for Link PU2

    19:00:00: Balanced after 4 trials
   
  Step Report: Speed=0.777, Pressure=90.004
    20:00:00: Balancing the network:

              Trial  1: relative flow change = 0.022648
              Trial  2: relative flow change = 0.000199
                        maximum  flow change = 0.0042 for Link P120
                        maximum  head error  = 0.0000 for Link P122

              Trial  3: relative flow change = 0.000000
                        maximum  flow change = 0.0000 for Link P125
                        maximum  head error  = 0.0000 for Link PU2

              Trial  4: relative flow change = 0.000000
                        maximum  flow change = 0.0000 for Link P125
                        maximum  head error  = 0.0000 for Link PU2

    20:00:00: Balanced after 4 trials
   
  Step Report: Speed=0.769, Pressure=90.000
    20:34:41: Pump PU1 changed by Tank T1 control
    20:34:41: Balancing the network:

              Trial  1: relative flow change = 2.832918
              Trial  2: relative flow change = 0.075606
              Trial  3: relative flow change = 0.005932
              Trial  4: relative flow change = 0.000140
                        maximum  flow change = 0.0018 for Link P8
                        maximum  head error  = 0.0000 for Link P122

              Trial  5: relative flow change = 0.000000
                        maximum  flow change = 0.0000 for Link V1
                        maximum  head error  = 0.0000 for Link PU2

    20:34:41: Balanced after 5 trials
    20:34:41: Reservoir R2 is closed
    20:34:41: Tank T1 is emptying at 5.20 m
    20:34:41: Pump PU1 changed from open to closed
   
  Step Report: Speed=0.836, Pressure=90.003
    21:00:00: Balancing the network:

              Trial  1: relative flow change = 0.161025
              Trial  2: relative flow change = 0.000031
                        maximum  flow change = 0.0005 for Link P91
                        maximum  head error  = 0.0000 for Link P44

              Trial  3: relative flow change = 0.000000
                        maximum  flow change = 0.0000 for Link P125
                        maximum  head error  = 0.0000 for Link PU2

    21:00:00: Balanced after 3 trials
   
  Step Report: Speed=0.823, Pressure=89.985
    22:00:00: Balancing the network:

              Trial  1: relative flow change = 0.318379
              Trial  2: relative flow change = 0.000179
                        maximum  flow change = 0.0024 for Link P91
                        maximum  head error  = 0.0000 for Link P44

              Trial  3: relative flow change = 0.000001
                        maximum  flow change = 0.0000 for Link V1
                        maximum  head error  = 0.0000 for Link PU2

              Trial  4: relative flow change = 0.000000
                        maximum  flow change = 0.0000 for Link V1
                        maximum  head error  = 0.0000 for Link PU2

    22:00:00: Balanced after 4 trials
   
  Step Report: Speed=0.805, Pressure=90.001
    23:00:00: Balancing the network:

              Trial  1: relative flow change = 0.466498
              Trial  2: relative flow change = 0.000814
                        maximum  flow change = 0.0078 for Link P91
                        maximum  head error  = 0.0000 for Link P44

              Trial  3: relative flow change = 0.000006
                        maximum  flow change = 0.0001 for Link P69
                        maximum  head error  = 0.0000 for Link PU2

              Trial  4: relative flow change = 0.000000
                        maximum  flow change = 0.0000 for Link V1
                        maximum  head error  = 0.0000 for Link PU2

    23:00:00: Balanced after 4 trials
   
  Step Report: Speed=0.789, Pressure=90.001
    24:00:00: Balancing the network:

              Trial  1: relative flow change = 0.000000
                        maximum  flow change = 0.0000 for Link P124
                        maximum  head error  = 0.0000 for Link PU2

              Trial  2: relative flow change = 0.000000
                        maximum  flow change = 0.0000 for Link P115
                        maximum  head error  = 0.0000 for Link PU2

    24:00:00: Balanced after 2 trials
   
  Step Report: Speed=0.789, Pressure=89.994
  Hydraulic Flow Balance (L/s)
  ================================
  Total Inflow:            12.314
  Consumer Demand:         13.075
  Demand Deficit:           0.000
  Emitter Flow:             0.000
  Leakage Flow:             0.000
  Total Outflow:           13.075
  Storage Flow:            -0.761
  Flow Ratio:               1.000
  ================================

  Analysis ended Sun Mar 15 13:59:29 2026

   
  Node Results at 0:00:00 hrs:
  ----------------------------------------------
                     Demand      Head  Pressure
  Node                  L/s         m    METERS
  ----------------------------------------------
  J126                 0.00    109.17     89.97
   
   
  Link Results at 0:00:00 hrs:
  --------------------------------------------------------
                       Flow  Velocity  Headloss   Setting
  Link                  L/s       m/s    /1000m          
  --------------------------------------------------------
  PU2                  0.97      0.00    -25.63      0.79  Pump
   
   
  Node Results at 1:00:00 hrs:
  ----------------------------------------------
                     Demand      Head  Pressure
  Node                  L/s         m    METERS
  ----------------------------------------------
  J126                 0.00    109.22     90.02
   
   
  Link Results at 1:00:00 hrs:
  --------------------------------------------------------
                       Flow  Velocity  Headloss   Setting
  Link                  L/s       m/s    /1000m          
  --------------------------------------------------------
  PU2                  0.96      0.00    -25.68      0.79  Pump
   
   
  Node Results at 2:00:00 hrs:
  ----------------------------------------------
                     Demand      Head  Pressure
  Node                  L/s         m    METERS
  ----------------------------------------------
  J126                 0.00    109.22     90.02
   
   
  Link Results at 2:00:00 hrs:
  --------------------------------------------------------
                       Flow  Velocity  Headloss   Setting
  Link                  L/s       m/s    /1000m          
  --------------------------------------------------------
  PU2                  0.96      0.00    -25.69      0.78  Pump
   
   
  Node Results at 3:00:00 hrs:
  ----------------------------------------------
                     Demand      Head  Pressure
  Node                  L/s         m    METERS
  ----------------------------------------------
  J126                 0.00    109.15     89.95
   
   
  Link Results at 3:00:00 hrs:
  --------------------------------------------------------
                       Flow  Velocity  Headloss   Setting
  Link                  L/s       m/s    /1000m          
  --------------------------------------------------------
  PU2                  0.97      0.00    -25.81      0.79  Pump
   
   
  Node Results at 4:00:00 hrs:
  ----------------------------------------------
                     Demand      Head  Pressure
  Node                  L/s         m    METERS
  ----------------------------------------------
  J126                 0.00    109.20     90.00
   
   
  Link Results at 4:00:00 hrs:
  --------------------------------------------------------
                       Flow  Velocity  Headloss   Setting
  Link                  L/s       m/s    /1000m          
  --------------------------------------------------------
  PU2                  1.00      0.00    -26.33      0.80  Pump
   
   
  Node Results at 5:00:00 hrs:
  ----------------------------------------------
                     Demand      Head  Pressure
  Node                  L/s         m    METERS
  ----------------------------------------------
  J126                 0.01    109.24     90.04
   
   
  Link Results at 5:00:00 hrs:
  --------------------------------------------------------
                       Flow  Velocity  Headloss   Setting
  Link                  L/s       m/s    /1000m          
  --------------------------------------------------------
  PU2                  1.07      0.00    -27.42      0.83  Pump
   
   
  Node Results at 6:00:00 hrs:
  ----------------------------------------------
                     Demand      Head  Pressure
  Node                  L/s         m    METERS
  ----------------------------------------------
  J126                 0.01    109.20     90.00
   
   
  Link Results at 6:00:00 hrs:
  --------------------------------------------------------
                       Flow  Velocity  Headloss   Setting
  Link                  L/s       m/s    /1000m          
  --------------------------------------------------------
  PU2                  1.11      0.00    -28.41      0.86  Pump
   
   
  Node Results at 7:00:00 hrs:
  ----------------------------------------------
                     Demand      Head  Pressure
  Node                  L/s         m    METERS
  ----------------------------------------------
  J126                 0.01    109.19     89.99
   
   
  Link Results at 7:00:00 hrs:
  --------------------------------------------------------
                       Flow  Velocity  Headloss   Setting
  Link                  L/s       m/s    /1000m          
  --------------------------------------------------------
  PU2                  1.15      0.00    -29.60      0.88  Pump
   
   
  Node Results at 8:00:00 hrs:
  ----------------------------------------------
                     Demand      Head  Pressure
  Node                  L/s         m    METERS
  ----------------------------------------------
  J126                 0.01    109.20     90.00
   
   
  Link Results at 8:00:00 hrs:
  --------------------------------------------------------
                       Flow  Velocity  Headloss   Setting
  Link                  L/s       m/s    /1000m          
  --------------------------------------------------------
  PU2                  1.12      0.00    -29.01      0.86  Pump
   
   
  Node Results at 9:00:00 hrs:
  ----------------------------------------------
                     Demand      Head  Pressure
  Node                  L/s         m    METERS
  ----------------------------------------------
  J126                 0.01    109.20     90.00
   
   
  Link Results at 9:00:00 hrs:
  --------------------------------------------------------
                       Flow  Velocity  Headloss   Setting
  Link                  L/s       m/s    /1000m          
  --------------------------------------------------------
  PU2                  1.08      0.00    -28.48      0.85  Pump
   
   
  Node Results at 10:00:00 hrs:
  ----------------------------------------------
                     Demand      Head  Pressure
  Node                  L/s         m    METERS
  ----------------------------------------------
  J126                 0.01    109.20     90.00
   
   
  Link Results at 10:00:00 hrs:
  --------------------------------------------------------
                       Flow  Velocity  Headloss   Setting
  Link                  L/s       m/s    /1000m          
  --------------------------------------------------------
  PU2                  1.05      0.00    -28.03      0.83  Pump
   
   
  Node Results at 11:00:00 hrs:
  ----------------------------------------------
                     Demand      Head  Pressure
  Node                  L/s         m    METERS
  ----------------------------------------------
  J126                 0.01    109.20     90.00
   
   
  Link Results at 11:00:00 hrs:
  --------------------------------------------------------
                       Flow  Velocity  Headloss   Setting
  Link                  L/s       m/s    /1000m          
  --------------------------------------------------------
  PU2                  1.08      0.00    -20.98      0.78  Pump
   
   
  Node Results at 12:00:00 hrs:
  ----------------------------------------------
                     Demand      Head  Pressure
  Node                  L/s         m    METERS
  ----------------------------------------------
  J126                 0.01    109.20     90.00
   
   
  Link Results at 12:00:00 hrs:
  --------------------------------------------------------
                       Flow  Velocity  Headloss   Setting
  Link                  L/s       m/s    /1000m          
  --------------------------------------------------------
  PU2                  1.09      0.00    -21.07      0.78  Pump
   
   
  Node Results at 13:00:00 hrs:
  ----------------------------------------------
                     Demand      Head  Pressure
  Node                  L/s         m    METERS
  ----------------------------------------------
  J126                 0.01    109.20     90.00
   
   
  Link Results at 13:00:00 hrs:
  --------------------------------------------------------
                       Flow  Velocity  Headloss   Setting
  Link                  L/s       m/s    /1000m          
  --------------------------------------------------------
  PU2                  1.08      0.00    -20.76      0.78  Pump
   
   
  Node Results at 14:00:00 hrs:
  ----------------------------------------------
                     Demand      Head  Pressure
  Node                  L/s         m    METERS
  ----------------------------------------------
  J126                 0.01    109.20     90.00
   
   
  Link Results at 14:00:00 hrs:
  --------------------------------------------------------
                       Flow  Velocity  Headloss   Setting
  Link                  L/s       m/s    /1000m          
  --------------------------------------------------------
  PU2                  1.05      0.00    -20.13      0.76  Pump
   
   
  Node Results at 15:00:00 hrs:
  ----------------------------------------------
                     Demand      Head  Pressure
  Node                  L/s         m    METERS
  ----------------------------------------------
  J126                 0.01    109.20     90.00
   
   
  Link Results at 15:00:00 hrs:
  --------------------------------------------------------
                       Flow  Velocity  Headloss   Setting
  Link                  L/s       m/s    /1000m          
  --------------------------------------------------------
  PU2                  1.03      0.00    -19.69      0.75  Pump
   
   
  Node Results at 16:00:00 hrs:
  ----------------------------------------------
                     Demand      Head  Pressure
  Node                  L/s         m    METERS
  ----------------------------------------------
  J126                 0.01    109.20     90.00
   
   
  Link Results at 16:00:00 hrs:
  --------------------------------------------------------
                       Flow  Velocity  Headloss   Setting
  Link                  L/s       m/s    /1000m          
  --------------------------------------------------------
  PU2                  1.07      0.00    -20.17      0.77  Pump
   
   
  Node Results at 17:00:00 hrs:
  ----------------------------------------------
                     Demand      Head  Pressure
  Node                  L/s         m    METERS
  ----------------------------------------------
  J126                 0.01    109.20     90.00
   
   
  Link Results at 17:00:00 hrs:
  --------------------------------------------------------
                       Flow  Velocity  Headloss   Setting
  Link                  L/s       m/s    /1000m          
  --------------------------------------------------------
  PU2                  1.09      0.00    -20.49      0.78  Pump
   
   
  Node Results at 18:00:00 hrs:
  ----------------------------------------------
                     Demand      Head  Pressure
  Node                  L/s         m    METERS
  ----------------------------------------------
  J126                 0.01    109.20     90.00
   
   
  Link Results at 18:00:00 hrs:
  --------------------------------------------------------
                       Flow  Velocity  Headloss   Setting
  Link                  L/s       m/s    /1000m          
  --------------------------------------------------------
  PU2                  1.15      0.00    -21.15      0.81  Pump
   
   
  Node Results at 19:00:00 hrs:
  ----------------------------------------------
                     Demand      Head  Pressure
  Node                  L/s         m    METERS
  ----------------------------------------------
  J126                 0.01    109.20     90.00
   
   
  Link Results at 19:00:00 hrs:
  --------------------------------------------------------
                       Flow  Velocity  Headloss   Setting
  Link                  L/s       m/s    /1000m          
  --------------------------------------------------------
  PU2                  1.09      0.00    -20.31      0.78  Pump
   
   
  Node Results at 20:00:00 hrs:
  ----------------------------------------------
                     Demand      Head  Pressure
  Node                  L/s         m    METERS
  ----------------------------------------------
  J126                 0.01    109.20     90.00
   
   
  Link Results at 20:00:00 hrs:
  --------------------------------------------------------
                       Flow  Velocity  Headloss   Setting
  Link                  L/s       m/s    /1000m          
  --------------------------------------------------------
  PU2                  1.08      0.00    -20.01      0.77  Pump
   
   
  Node Results at 21:00:00 hrs:
  ----------------------------------------------
                     Demand      Head  Pressure
  Node                  L/s         m    METERS
  ----------------------------------------------
  J126                 0.01    109.19     89.99
   
   
  Link Results at 21:00:00 hrs:
  --------------------------------------------------------
                       Flow  Velocity  Headloss   Setting
  Link                  L/s       m/s    /1000m          
  --------------------------------------------------------
  PU2                  1.05      0.00    -26.64      0.82  Pump
   
   
  Node Results at 22:00:00 hrs:
  ----------------------------------------------
                     Demand      Head  Pressure
  Node                  L/s         m    METERS
  ----------------------------------------------
  J126                 0.01    109.20     90.00
   
   
  Link Results at 22:00:00 hrs:
  --------------------------------------------------------
                       Flow  Velocity  Headloss   Setting
  Link                  L/s       m/s    /1000m          
  --------------------------------------------------------
  PU2                  1.01      0.00    -26.17      0.81  Pump
   
   
  Node Results at 23:00:00 hrs:
  ----------------------------------------------
                     Demand      Head  Pressure
  Node                  L/s         m    METERS
  ----------------------------------------------
  J126                 0.00    109.20     90.00
   
   
  Link Results at 23:00:00 hrs:
  --------------------------------------------------------
                       Flow  Velocity  Headloss   Setting
  Link                  L/s       m/s    /1000m          
  --------------------------------------------------------
  PU2                  0.97      0.00    -25.79      0.79  Pump
   
   
  Node Results at 24:00:00 hrs:
  ----------------------------------------------
                     Demand      Head  Pressure
  Node                  L/s         m    METERS
  ----------------------------------------------
  J126                 0.00    109.19     89.99
   
   
  Link Results at 24:00:00 hrs:
  --------------------------------------------------------
                       Flow  Velocity  Headloss   Setting
  Link                  L/s       m/s    /1000m          
  --------------------------------------------------------
  PU2                  0.97      0.00    -25.86      0.79  Pump
   