  Page 1                                    Sun Mar 22 22:27:04 2026

  ******************************************************************
  *                           E P A N E T                          *
  *                   Hydraulic and Water Quality                  *
  *                   Analysis for Pipe Networks                   *
  *                          Version 2.3.05                        *
  ******************************************************************
  
  VSP Logic Initialized: Target =	90.0
  Analysis begun Sun Mar 22 22:27:04 2026

   
  Hydraulic Status:
  -----------------------------------------------------------------------
  Action: Kickstarting Speed (Ratio) -> 0.780
  Action: Secant Search -> 0.786
  Action: Secant Search -> 0.787
     0:00:00: Balanced after 1 trials
     0:00:00: Reservoir R2 is closed
     0:00:00: Tank T1 is emptying at 5.00 m
     0:00:00: PRV V1 open
   
  Step Report: Speed=0.787, Pressure=90.000
  Action: Kickstarting Speed (Ratio) -> 0.785
     1:00:00: Balanced after 1 trials
   
  Step Report: Speed=0.785, Pressure=90.018
  Action: Kickstarting Speed (Ratio) -> 0.783
     2:00:00: Balanced after 1 trials
   
  Step Report: Speed=0.783, Pressure=90.021
  Action: Kickstarting Speed (Ratio) -> 0.789
     3:00:00: Balanced after 1 trials
   
  Step Report: Speed=0.789, Pressure=89.950
  Action: Kickstarting Speed (Ratio) -> 0.804
  Action: Secant Search -> 0.804
     4:00:00: Balanced after 1 trials
   
  Step Report: Speed=0.804, Pressure=90.001
  Action: Kickstarting Speed (Ratio) -> 0.834
     5:00:00: Balanced after 1 trials
   
  Step Report: Speed=0.834, Pressure=90.037
  Action: Kickstarting Speed (Ratio) -> 0.858
  Action: Secant Search -> 0.856
     6:00:00: Balanced after 1 trials
   
  Step Report: Speed=0.856, Pressure=89.997
  Action: Kickstarting Speed (Ratio) -> 0.883
  Action: Secant Search -> 0.880
     7:00:00: Balanced after 1 trials
   
  Step Report: Speed=0.880, Pressure=89.995
  Action: Kickstarting Speed (Ratio) -> 0.862
  Action: Secant Search -> 0.864
     8:00:00: Balanced after 1 trials
   
  Step Report: Speed=0.864, Pressure=89.998
  Action: Kickstarting Speed (Ratio) -> 0.847
  Action: Secant Search -> 0.848
     9:00:00: Balanced after 1 trials
   
  Step Report: Speed=0.848, Pressure=89.999
  Action: Kickstarting Speed (Ratio) -> 0.832
  Action: Secant Search -> 0.833
    10:00:00: Balanced after 1 trials
   
  Step Report: Speed=0.833, Pressure=89.999
    10:57:22: Pump PU1 changed by Tank T1 control
  Action: Kickstarting Speed (Ratio) -> 0.768
  Action: Secant Search -> 0.762
    10:57:22: Balanced after 1 trials
    10:57:22: Reservoir R2 is emptying
    10:57:22: Tank T1 is filling at 3.50 m
    10:57:22: Pump PU1 changed from closed to open
   
  Step Report: Speed=0.762, Pressure=90.030
  Action: Kickstarting Speed (Ratio) -> 0.777
  Action: Secant Search -> 0.779
    11:00:00: Balanced after 1 trials
   
  Step Report: Speed=0.779, Pressure=90.002
  Action: Kickstarting Speed (Ratio) -> 0.784
  Action: Secant Search -> 0.785
    12:00:00: Balanced after 1 trials
   
  Step Report: Speed=0.785, Pressure=90.000
  Action: Kickstarting Speed (Ratio) -> 0.778
  Action: Secant Search -> 0.777
    13:00:00: Balanced after 1 trials
   
  Step Report: Speed=0.777, Pressure=90.000
  Action: Kickstarting Speed (Ratio) -> 0.761
  Action: Secant Search -> 0.759
    14:00:00: Balanced after 1 trials
   
  Step Report: Speed=0.759, Pressure=90.003
  Action: Kickstarting Speed (Ratio) -> 0.749
  Action: Secant Search -> 0.747
    15:00:00: Balanced after 1 trials
   
  Step Report: Speed=0.747, Pressure=90.001
  Action: Kickstarting Speed (Ratio) -> 0.763
  Action: Secant Search -> 0.766
    16:00:00: Balanced after 1 trials
   
  Step Report: Speed=0.766, Pressure=90.003
  Action: Kickstarting Speed (Ratio) -> 0.778
  Action: Secant Search -> 0.779
    17:00:00: Balanced after 1 trials
   
  Step Report: Speed=0.779, Pressure=90.001
  Action: Kickstarting Speed (Ratio) -> 0.803
  Action: Secant Search -> 0.805
    18:00:00: Balanced after 1 trials
   
  Step Report: Speed=0.805, Pressure=90.003
  Action: Kickstarting Speed (Ratio) -> 0.780
  Action: Secant Search -> 0.777
    19:00:00: Balanced after 1 trials
   
  Step Report: Speed=0.777, Pressure=90.004
  Action: Kickstarting Speed (Ratio) -> 0.770
  Action: Secant Search -> 0.769
    20:00:00: Balanced after 1 trials
   
  Step Report: Speed=0.769, Pressure=90.000
    20:34:41: Pump PU1 changed by Tank T1 control
  Action: Kickstarting Speed (Ratio) -> 0.835
  Action: Secant Search -> 0.836
    20:34:41: Balanced after 1 trials
    20:34:41: Reservoir R2 is closed
    20:34:41: Tank T1 is emptying at 5.20 m
    20:34:41: Pump PU1 changed from open to closed
   
  Step Report: Speed=0.836, Pressure=90.002
  Action: Kickstarting Speed (Ratio) -> 0.823
    21:00:00: Balanced after 1 trials
   
  Step Report: Speed=0.823, Pressure=89.985
  Action: Kickstarting Speed (Ratio) -> 0.806
  Action: Secant Search -> 0.805
    22:00:00: Balanced after 1 trials
   
  Step Report: Speed=0.805, Pressure=90.001
  Action: Kickstarting Speed (Ratio) -> 0.790
  Action: Secant Search -> 0.789
    23:00:00: Balanced after 1 trials
   
  Step Report: Speed=0.789, Pressure=90.001
  Action: Kickstarting Speed (Ratio) -> 0.789
    24:00:00: Balanced after 1 trials
   
  Step Report: Speed=0.789, Pressure=89.994
  Hydraulic Flow Balance (L/s)
  ================================
  Total Inflow:            12.314
  Consumer Demand:         13.075
  Demand Deficit:           0.000
  Emitter Flow:             0.000
  Leakage Flow:             0.000
  Total Outflow:           13.075
  Storage Flow:            -0.761
  Flow Ratio:               1.000
  ================================

  Analysis ended Sun Mar 22 22:27:04 2026

   
  Node Results at 0:00:00 hrs:
  ----------------------------------------------
                     Demand      Head  Pressure
  Node                  L/s         m    METERS
  ----------------------------------------------
  J126                 0.00    109.20     90.00
   
   
  Link Results at 0:00:00 hrs:
  --------------------------------------------------------
                       Flow  Velocity  Headloss   Setting
  Link                  L/s       m/s    /1000m          
  --------------------------------------------------------
  PU2                  0.97      0.00    -25.66      0.79  Pump
   
   
  Node Results at 1:00:00 hrs:
  ----------------------------------------------
                     Demand      Head  Pressure
  Node                  L/s         m    METERS
  ----------------------------------------------
  J126                 0.00    109.22     90.02
   
   
  Link Results at 1:00:00 hrs:
  --------------------------------------------------------
                       Flow  Velocity  Headloss   Setting
  Link                  L/s       m/s    /1000m          
  --------------------------------------------------------
  PU2                  0.96      0.00    -25.68      0.79  Pump
   
   
  Node Results at 2:00:00 hrs:
  ----------------------------------------------
                     Demand      Head  Pressure
  Node                  L/s         m    METERS
  ----------------------------------------------
  J126                 0.00    109.22     90.02
   
   
  Link Results at 2:00:00 hrs:
  --------------------------------------------------------
                       Flow  Velocity  Headloss   Setting
  Link                  L/s       m/s    /1000m          
  --------------------------------------------------------
  PU2                  0.96      0.00    -25.69      0.78  Pump
   
   
  Node Results at 3:00:00 hrs:
  ----------------------------------------------
                     Demand      Head  Pressure
  Node                  L/s         m    METERS
  ----------------------------------------------
  J126                 0.00    109.15     89.95
   
   
  Link Results at 3:00:00 hrs:
  --------------------------------------------------------
                       Flow  Velocity  Headloss   Setting
  Link                  L/s       m/s    /1000m          
  --------------------------------------------------------
  PU2                  0.97      0.00    -25.81      0.79  Pump
   
   
  Node Results at 4:00:00 hrs:
  ----------------------------------------------
                     Demand      Head  Pressure
  Node                  L/s         m    METERS
  ----------------------------------------------
  J126                 0.00    109.20     90.00
   
   
  Link Results at 4:00:00 hrs:
  --------------------------------------------------------
                       Flow  Velocity  Headloss   Setting
  Link                  L/s       m/s    /1000m          
  --------------------------------------------------------
  PU2                  1.00      0.00    -26.33      0.80  Pump
   
   
  Node Results at 5:00:00 hrs:
  ----------------------------------------------
                     Demand      Head  Pressure
  Node                  L/s         m    METERS
  ----------------------------------------------
  J126                 0.01    109.24     90.04
   
   
  Link Results at 5:00:00 hrs:
  --------------------------------------------------------
                       Flow  Velocity  Headloss   Setting
  Link                  L/s       m/s    /1000m          
  --------------------------------------------------------
  PU2                  1.07      0.00    -27.42      0.83  Pump
   
   
  Node Results at 6:00:00 hrs:
  ----------------------------------------------
                     Demand      Head  Pressure
  Node                  L/s         m    METERS
  ----------------------------------------------
  J126                 0.01    109.20     90.00
   
   
  Link Results at 6:00:00 hrs:
  --------------------------------------------------------
                       Flow  Velocity  Headloss   Setting
  Link                  L/s       m/s    /1000m          
  --------------------------------------------------------
  PU2                  1.11      0.00    -28.41      0.86  Pump
   
   
  Node Results at 7:00:00 hrs:
  ----------------------------------------------
                     Demand      Head  Pressure
  Node                  L/s         m    METERS
  ----------------------------------------------
  J126                 0.01    109.19     89.99
   
   
  Link Results at 7:00:00 hrs:
  --------------------------------------------------------
                       Flow  Velocity  Headloss   Setting
  Link                  L/s       m/s    /1000m          
  --------------------------------------------------------
  PU2                  1.15      0.00    -29.60      0.88  Pump
   
   
  Node Results at 8:00:00 hrs:
  ----------------------------------------------
                     Demand      Head  Pressure
  Node                  L/s         m    METERS
  ----------------------------------------------
  J126                 0.01    109.20     90.00
   
   
  Link Results at 8:00:00 hrs:
  --------------------------------------------------------
                       Flow  Velocity  Headloss   Setting
  Link                  L/s       m/s    /1000m          
  --------------------------------------------------------
  PU2                  1.12      0.00    -29.01      0.86  Pump
   
   
  Node Results at 9:00:00 hrs:
  ----------------------------------------------
                     Demand      Head  Pressure
  Node                  L/s         m    METERS
  ----------------------------------------------
  J126                 0.01    109.20     90.00
   
   
  Link Results at 9:00:00 hrs:
  --------------------------------------------------------
                       Flow  Velocity  Headloss   Setting
  Link                  L/s       m/s    /1000m          
  --------------------------------------------------------
  PU2                  1.08      0.00    -28.48      0.85  Pump
   
   
  Node Results at 10:00:00 hrs:
  ----------------------------------------------
                     Demand      Head  Pressure
  Node                  L/s         m    METERS
  ----------------------------------------------
  J126                 0.01    109.20     90.00
   
   
  Link Results at 10:00:00 hrs:
  --------------------------------------------------------
                       Flow  Velocity  Headloss   Setting
  Link                  L/s       m/s    /1000m          
  --------------------------------------------------------
  PU2                  1.05      0.00    -28.03      0.83  Pump
   
   
  Node Results at 11:00:00 hrs:
  ----------------------------------------------
                     Demand      Head  Pressure
  Node                  L/s         m    METERS
  ----------------------------------------------
  J126                 0.01    109.20     90.00
   
   
  Link Results at 11:00:00 hrs:
  --------------------------------------------------------
                       Flow  Velocity  Headloss   Setting
  Link                  L/s       m/s    /1000m          
  --------------------------------------------------------
  PU2                  1.08      0.00    -20.98      0.78  Pump
   
   
  Node Results at 12:00:00 hrs:
  ----------------------------------------------
                     Demand      Head  Pressure
  Node                  L/s         m    METERS
  ----------------------------------------------
  J126                 0.01    109.20     90.00
   
   
  Link Results at 12:00:00 hrs:
  --------------------------------------------------------
                       Flow  Velocity  Headloss   Setting
  Link                  L/s       m/s    /1000m          
  --------------------------------------------------------
  PU2                  1.09      0.00    -21.07      0.78  Pump
   
   
  Node Results at 13:00:00 hrs:
  ----------------------------------------------
                     Demand      Head  Pressure
  Node                  L/s         m    METERS
  ----------------------------------------------
  J126                 0.01    109.20     90.00
   
   
  Link Results at 13:00:00 hrs:
  --------------------------------------------------------
                       Flow  Velocity  Headloss   Setting
  Link                  L/s       m/s    /1000m          
  --------------------------------------------------------
  PU2                  1.08      0.00    -20.76      0.78  Pump
   
   
  Node Results at 14:00:00 hrs:
  ----------------------------------------------
                     Demand      Head  Pressure
  Node                  L/s         m    METERS
  ----------------------------------------------
  J126                 0.01    109.20     90.00
   
   
  Link Results at 14:00:00 hrs:
  --------------------------------------------------------
                       Flow  Velocity  Headloss   Setting
  Link                  L/s       m/s    /1000m          
  --------------------------------------------------------
  PU2                  1.05      0.00    -20.13      0.76  Pump
   
   
  Node Results at 15:00:00 hrs:
  ----------------------------------------------
                     Demand      Head  Pressure
  Node                  L/s         m    METERS
  ----------------------------------------------
  J126                 0.01    109.20     90.00
   
   
  Link Results at 15:00:00 hrs:
  --------------------------------------------------------
                       Flow  Velocity  Headloss   Setting
  Link                  L/s       m/s    /1000m          
  --------------------------------------------------------
  PU2                  1.03      0.00    -19.69      0.75  Pump
   
   
  Node Results at 16:00:00 hrs:
  ----------------------------------------------
                     Demand      Head  Pressure
  Node                  L/s         m    METERS
  ----------------------------------------------
  J126                 0.01    109.20     90.00
   
   
  Link Results at 16:00:00 hrs:
  --------------------------------------------------------
                       Flow  Velocity  Headloss   Setting
  Link                  L/s       m/s    /1000m          
  --------------------------------------------------------
  PU2                  1.07      0.00    -20.17      0.77  Pump
   
   
  Node Results at 17:00:00 hrs:
  ----------------------------------------------
                     Demand      Head  Pressure
  Node                  L/s         m    METERS
  ----------------------------------------------
  J126                 0.01    109.20     90.00
   
   
  Link Results at 17:00:00 hrs:
  --------------------------------------------------------
                       Flow  Velocity  Headloss   Setting
  Link                  L/s       m/s    /1000m          
  --------------------------------------------------------
  PU2                  1.09      0.00    -20.49      0.78  Pump
   
   
  Node Results at 18:00:00 hrs:
  ----------------------------------------------
                     Demand      Head  Pressure
  Node                  L/s         m    METERS
  ----------------------------------------------
  J126                 0.01    109.20     90.00
   
   
  Link Results at 18:00:00 hrs:
  --------------------------------------------------------
                       Flow  Velocity  Headloss   Setting
  Link                  L/s       m/s    /1000m          
  --------------------------------------------------------
  PU2                  1.15      0.00    -21.15      0.81  Pump
   
   
  Node Results at 19:00:00 hrs:
  ----------------------------------------------
                     Demand      Head  Pressure
  Node                  L/s         m    METERS
  ----------------------------------------------
  J126                 0.01    109.20     90.00
   
   
  Link Results at 19:00:00 hrs:
  --------------------------------------------------------
                       Flow  Velocity  Headloss   Setting
  Link                  L/s       m/s    /1000m          
  --------------------------------------------------------
  PU2                  1.09      0.00    -20.31      0.78  Pump
   
   
  Node Results at 20:00:00 hrs:
  ----------------------------------------------
                     Demand      Head  Pressure
  Node                  L/s         m    METERS
  ----------------------------------------------
  J126                 0.01    109.20     90.00
   
   
  Link Results at 20:00:00 hrs:
  --------------------------------------------------------
                       Flow  Velocity  Headloss   Setting
  Link                  L/s       m/s    /1000m          
  --------------------------------------------------------
  PU2                  1.08      0.00    -20.01      0.77  Pump
   
   
  Node Results at 21:00:00 hrs:
  ----------------------------------------------
                     Demand      Head  Pressure
  Node                  L/s         m    METERS
  ----------------------------------------------
  J126                 0.01    109.19     89.99
   
   
  Link Results at 21:00:00 hrs:
  --------------------------------------------------------
                       Flow  Velocity  Headloss   Setting
  Link                  L/s       m/s    /1000m          
  --------------------------------------------------------
  PU2                  1.05      0.00    -26.64      0.82  Pump
   
   
  Node Results at 22:00:00 hrs:
  ----------------------------------------------
                     Demand      Head  Pressure
  Node                  L/s         m    METERS
  ----------------------------------------------
  J126                 0.01    109.20     90.00
   
   
  Link Results at 22:00:00 hrs:
  --------------------------------------------------------
                       Flow  Velocity  Headloss   Setting
  Link                  L/s       m/s    /1000m          
  --------------------------------------------------------
  PU2                  1.01      0.00    -26.17      0.81  Pump
   
   
  Node Results at 23:00:00 hrs:
  ----------------------------------------------
                     Demand      Head  Pressure
  Node                  L/s         m    METERS
  ----------------------------------------------
  J126                 0.00    109.20     90.00
   
   
  Link Results at 23:00:00 hrs:
  --------------------------------------------------------
                       Flow  Velocity  Headloss   Setting
  Link                  L/s       m/s    /1000m          
  --------------------------------------------------------
  PU2                  0.97      0.00    -25.79      0.79  Pump
   
   
  Node Results at 24:00:00 hrs:
  ----------------------------------------------
                     Demand      Head  Pressure
  Node                  L/s         m    METERS
  ----------------------------------------------
  J126                 0.00    109.19     89.99
   
   
  Link Results at 24:00:00 hrs:
  --------------------------------------------------------
                       Flow  Velocity  Headloss   Setting
  Link                  L/s       m/s    /1000m          
  --------------------------------------------------------
  PU2                  0.97      0.00    -25.86      0.79  Pump
   