  Page 1                                    Sun Mar 22 22:45:21 2026

  ******************************************************************
  *                           E P A N E T                          *
  *                   Hydraulic and Water Quality                  *
  *                   Analysis for Pipe Networks                   *
  *                          Version 2.3.05                        *
  ******************************************************************
  
  Analysis begun Sun Mar 22 22:45:21 2026

   
  Hydraulic Status:
  -----------------------------------------------------------------------
     0:00:00: Balancing the network:

              Trial  1: relative flow change = 1.431667
              Trial  2: relative flow change = 0.439075
              Trial  3: relative flow change = 0.081741
              Trial  4: relative flow change = 0.031131
              Trial  5: relative flow change = 0.006313
              Trial  6: relative flow change = 0.001091
              Trial  7: relative flow change = 0.000034
                        maximum  flow change = 0.0006 for Link P95
                        maximum  head error  = 0.0000 for Link P30

    Modulating: flow=2.97 LPS -> target pressure=20.00 m (was 26.00 m)
      Lua script changed status — re-solving (pass 1)
     0:00:00: Balancing the network:

              Trial  1: relative flow change = 0.000003
                        maximum  flow change = 0.0000 for Link P64
                        maximum  head error  = 0.0000 for Link P143

     0:00:00: Balanced after 1 trials
     0:00:00: Reservoir R2 is closed
     0:00:00: Tank T1 is emptying at 5.00 m
   
    Step: V1 flow=2.97 LPS | PRV setting=20.00 m | J113 pressure=20.00 m
     1:00:00: Balancing the network:

              Trial  1: relative flow change = 0.065776
              Trial  2: relative flow change = 0.039283
              Trial  3: relative flow change = 0.000082
                        maximum  flow change = 0.0008 for Link P6
                        maximum  head error  = 0.0000 for Link P114

     1:00:00: Balanced after 3 trials
   
    Step: V1 flow=2.71 LPS | PRV setting=20.00 m | J113 pressure=20.00 m
     2:00:00: Balancing the network:

              Trial  1: relative flow change = 0.072995
              Trial  2: relative flow change = 0.043784
              Trial  3: relative flow change = 0.000101
                        maximum  flow change = 0.0009 for Link P6
                        maximum  head error  = 0.0000 for Link P114

     2:00:00: Balanced after 3 trials
   
    Step: V1 flow=2.45 LPS | PRV setting=20.00 m | J113 pressure=20.00 m
     3:00:00: Balancing the network:

              Trial  1: relative flow change = 0.132927
              Trial  2: relative flow change = 0.071361
              Trial  3: relative flow change = 0.000314
                        maximum  flow change = 0.0034 for Link P91
                        maximum  head error  = 0.0000 for Link P114

     3:00:00: Balanced after 3 trials
   
    Step: V1 flow=2.97 LPS | PRV setting=20.00 m | J113 pressure=20.00 m
     4:00:00: Balancing the network:

              Trial  1: relative flow change = 0.238766
              Trial  2: relative flow change = 0.121620
              Trial  3: relative flow change = 0.001357
              Trial  4: relative flow change = 0.000005
                        maximum  flow change = 0.0001 for Link P69
                        maximum  head error  = 0.0000 for Link P114

    Modulating: flow=4.25 LPS -> target pressure=22.50 m (was 20.00 m)
      Lua script changed status — re-solving (pass 1)
     4:00:00: Balancing the network:

              Trial  1: relative flow change = 0.000001
                        maximum  flow change = 0.0000 for Link P17
                        maximum  head error  = 0.0000 for Link P143

     4:00:00: Balanced after 1 trials
   
    Step: V1 flow=4.25 LPS | PRV setting=22.50 m | J113 pressure=22.50 m
     5:00:00: Balancing the network:

              Trial  1: relative flow change = 0.273936
              Trial  2: relative flow change = 0.137192
              Trial  3: relative flow change = 0.002120
              Trial  4: relative flow change = 0.000012
                        maximum  flow change = 0.0004 for Link P44
                        maximum  head error  = 0.0000 for Link P114

    Modulating: flow=6.51 LPS -> target pressure=28.52 m (was 22.50 m)
      Lua script changed status — re-solving (pass 1)
     5:00:00: Balancing the network:

              Trial  1: relative flow change = 0.000001
                        maximum  flow change = 0.0000 for Link P17
                        maximum  head error  = 0.0000 for Link P143

     5:00:00: Balanced after 1 trials
   
    Step: V1 flow=6.51 LPS | PRV setting=28.52 m | J113 pressure=28.52 m
     6:00:00: Balancing the network:

              Trial  1: relative flow change = 0.144708
              Trial  2: relative flow change = 0.077175
              Trial  3: relative flow change = 0.000454
                        maximum  flow change = 0.0150 for Link P91
                        maximum  head error  = 0.0000 for Link P114

    Modulating: flow=8.10 LPS -> target pressure=32.20 m (was 28.52 m)
      Lua script changed status — re-solving (pass 1)
     6:00:00: Balancing the network:

              Trial  1: relative flow change = 0.000001
                        maximum  flow change = 0.0000 for Link P69
                        maximum  head error  = 0.0000 for Link P114

     6:00:00: Balanced after 1 trials
   
    Step: V1 flow=8.10 LPS | PRV setting=32.20 m | J113 pressure=32.20 m
     7:00:00: Balancing the network:

              Trial  1: relative flow change = 0.115436
              Trial  2: relative flow change = 0.062495
              Trial  3: relative flow change = 0.000254
                        maximum  flow change = 0.0108 for Link P91
                        maximum  head error  = 0.0000 for Link P114

    Modulating: flow=9.64 LPS -> target pressure=34.00 m (was 32.20 m)
      Lua script changed status — re-solving (pass 1)
     7:00:00: Balancing the network:

              Trial  1: relative flow change = 0.000001
                        maximum  flow change = 0.0000 for Link P44
                        maximum  head error  = 0.0000 for Link P114

     7:00:00: Balanced after 1 trials
   
    Step: V1 flow=9.64 LPS | PRV setting=34.00 m | J113 pressure=34.00 m
     8:00:00: Balancing the network:

              Trial  1: relative flow change = 0.098914
              Trial  2: relative flow change = 0.060177
              Trial  3: relative flow change = 0.000198
                        maximum  flow change = 0.0068 for Link P6
                        maximum  head error  = 0.0000 for Link P114

    Modulating: flow=8.36 LPS -> target pressure=32.71 m (was 34.00 m)
      Lua script changed status — re-solving (pass 1)
     8:00:00: Balancing the network:

              Trial  1: relative flow change = 0.000000
                        maximum  flow change = 0.0000 for Link P91
                        maximum  head error  = 0.0000 for Link P114

     8:00:00: Balanced after 1 trials
   
    Step: V1 flow=8.36 LPS | PRV setting=32.71 m | J113 pressure=32.71 m
     8:32:52: Pump PU1 changed by Tank T1 control
     8:32:52: Balancing the network:

              Trial  1: relative flow change = 1.372142
              Trial  2: relative flow change = 0.284459
              Trial  3: relative flow change = 0.043354
              Trial  4: relative flow change = 0.001934
              Trial  5: relative flow change = 0.000015
                        maximum  flow change = 0.0007 for Link P20
                        maximum  head error  = 0.0000 for Link P20

     8:32:52: Balanced after 5 trials
     8:32:52: Reservoir R2 is emptying
     8:32:52: Tank T1 is filling at 3.50 m
     8:32:52: Pump PU1 changed from closed to open
   
    Step: V1 flow=8.36 LPS | PRV setting=32.71 m | J113 pressure=32.71 m
     9:00:00: Balancing the network:

              Trial  1: relative flow change = 0.074164
              Trial  2: relative flow change = 0.041894
              Trial  3: relative flow change = 0.000713
                        maximum  flow change = 0.0147 for Link P109
                        maximum  head error  = 0.0000 for Link P49

    Modulating: flow=7.07 LPS -> target pressure=30.15 m (was 32.71 m)
      Lua script changed status — re-solving (pass 1)
     9:00:00: Balancing the network:

              Trial  1: relative flow change = 0.000001
                        maximum  flow change = 0.0000 for Link P112
                        maximum  head error  = 0.0000 for Link P49

     9:00:00: Balanced after 1 trials
   
    Step: V1 flow=7.07 LPS | PRV setting=30.15 m | J113 pressure=30.15 m
    10:00:00: Balancing the network:

              Trial  1: relative flow change = 0.070974
              Trial  2: relative flow change = 0.041166
              Trial  3: relative flow change = 0.000701
                        maximum  flow change = 0.0136 for Link P149
                        maximum  head error  = 0.0000 for Link P49

    Modulating: flow=5.79 LPS -> target pressure=26.37 m (was 30.15 m)
      Lua script changed status — re-solving (pass 1)
    10:00:00: Balancing the network:

              Trial  1: relative flow change = 0.000001
                        maximum  flow change = 0.0000 for Link P126
                        maximum  head error  = 0.0000 for Link P49

    10:00:00: Balanced after 1 trials
   
    Step: V1 flow=5.79 LPS | PRV setting=26.37 m | J113 pressure=26.37 m
    11:00:00: Balancing the network:

              Trial  1: relative flow change = 0.073500
              Trial  2: relative flow change = 0.041751
              Trial  3: relative flow change = 0.000751
                        maximum  flow change = 0.0148 for Link P70
                        maximum  head error  = 0.0000 for Link P49

    Modulating: flow=7.07 LPS -> target pressure=30.15 m (was 26.37 m)
      Lua script changed status — re-solving (pass 1)
    11:00:00: Balancing the network:

              Trial  1: relative flow change = 0.000000
                        maximum  flow change = 0.0000 for Link P3
                        maximum  head error  = 0.0000 for Link P143

    11:00:00: Balanced after 1 trials
   
    Step: V1 flow=7.07 LPS | PRV setting=30.15 m | J113 pressure=30.15 m
    12:00:00: Balancing the network:

              Trial  1: relative flow change = 0.031483
              Trial  2: relative flow change = 0.017091
              Trial  3: relative flow change = 0.000117
                        maximum  flow change = 0.0024 for Link P19
                        maximum  head error  = 0.0000 for Link P6

    Modulating: flow=7.59 LPS -> target pressure=31.17 m (was 30.15 m)
      Lua script changed status — re-solving (pass 1)
    12:00:00: Balancing the network:

              Trial  1: relative flow change = 0.000000
                        maximum  flow change = 0.0000 for Link P126
                        maximum  head error  = 0.0000 for Link P143

    12:00:00: Balanced after 1 trials
   
    Step: V1 flow=7.59 LPS | PRV setting=31.17 m | J113 pressure=31.17 m
    13:00:00: Balancing the network:

              Trial  1: relative flow change = 0.028533
              Trial  2: relative flow change = 0.017031
              Trial  3: relative flow change = 0.000116
                        maximum  flow change = 0.0023 for Link P149
                        maximum  head error  = 0.0000 for Link P49

    Modulating: flow=7.07 LPS -> target pressure=30.15 m (was 31.17 m)
      Lua script changed status — re-solving (pass 1)
    13:00:00: Balancing the network:

              Trial  1: relative flow change = 0.000000
                        maximum  flow change = 0.0000 for Link P126
                        maximum  head error  = 0.0000 for Link P143

    13:00:00: Balanced after 1 trials
   
    Step: V1 flow=7.07 LPS | PRV setting=30.15 m | J113 pressure=30.15 m
    14:00:00: Balancing the network:

              Trial  1: relative flow change = 0.072354
              Trial  2: relative flow change = 0.041906
              Trial  3: relative flow change = 0.000720
                        maximum  flow change = 0.0138 for Link P149
                        maximum  head error  = 0.0000 for Link P49

    Modulating: flow=5.79 LPS -> target pressure=26.37 m (was 30.15 m)
      Lua script changed status — re-solving (pass 1)
    14:00:00: Balancing the network:

              Trial  1: relative flow change = 0.000001
                        maximum  flow change = 0.0000 for Link P126
                        maximum  head error  = 0.0000 for Link P49

    14:00:00: Balanced after 1 trials
   
    Step: V1 flow=5.79 LPS | PRV setting=26.37 m | J113 pressure=26.37 m
    15:00:00: Balancing the network:

              Trial  1: relative flow change = 0.041695
              Trial  2: relative flow change = 0.024840
              Trial  3: relative flow change = 0.000316
                        maximum  flow change = 0.0073 for Link P49
                        maximum  head error  = 0.0000 for Link P49

    Modulating: flow=5.02 LPS -> target pressure=24.06 m (was 26.37 m)
      Lua script changed status — re-solving (pass 1)
    15:00:00: Balancing the network:

              Trial  1: relative flow change = 0.000000
                        maximum  flow change = 0.0000 for Link P24
                        maximum  head error  = 0.0000 for Link P49

    15:00:00: Balanced after 1 trials
   
    Step: V1 flow=5.02 LPS | PRV setting=24.06 m | J113 pressure=24.06 m
    16:00:00: Balancing the network:

              Trial  1: relative flow change = 0.085823
              Trial  2: relative flow change = 0.048953
              Trial  3: relative flow change = 0.001075
              Trial  4: relative flow change = 0.000001
                        maximum  flow change = 0.0000 for Link P6
                        maximum  head error  = 0.0000 for Link P6

    Modulating: flow=6.51 LPS -> target pressure=28.52 m (was 24.06 m)
      Lua script changed status — re-solving (pass 1)
    16:00:00: Balancing the network:

              Trial  1: relative flow change = 0.000000
                        maximum  flow change = 0.0000 for Link P126
                        maximum  head error  = 0.0000 for Link P143

    16:00:00: Balanced after 1 trials
   
    Step: V1 flow=6.51 LPS | PRV setting=28.52 m | J113 pressure=28.52 m
    17:00:00: Balancing the network:

              Trial  1: relative flow change = 0.064857
              Trial  2: relative flow change = 0.036757
              Trial  3: relative flow change = 0.000546
                        maximum  flow change = 0.0110 for Link P15
                        maximum  head error  = 0.0000 for Link P6

    Modulating: flow=7.59 LPS -> target pressure=31.17 m (was 28.52 m)
      Lua script changed status — re-solving (pass 1)
    17:00:00: Balancing the network:

              Trial  1: relative flow change = 0.000000
                        maximum  flow change = 0.0000 for Link P3
                        maximum  head error  = 0.0000 for Link P121

    17:00:00: Balanced after 1 trials
   
    Step: V1 flow=7.59 LPS | PRV setting=31.17 m | J113 pressure=31.17 m
    18:00:00: Balancing the network:

              Trial  1: relative flow change = 0.126451
              Trial  2: relative flow change = 0.075796
              Trial  3: relative flow change = 0.002694
              Trial  4: relative flow change = 0.000006
                        maximum  flow change = 0.0001 for Link P112
                        maximum  head error  = 0.0000 for Link P112

    Modulating: flow=9.64 LPS -> target pressure=34.00 m (was 31.17 m)
      Lua script changed status — re-solving (pass 1)
    18:00:00: Balancing the network:

              Trial  1: relative flow change = 0.000000
                        maximum  flow change = 0.0000 for Link P126
                        maximum  head error  = 0.0000 for Link P143

    18:00:00: Balanced after 1 trials
   
    Step: V1 flow=9.64 LPS | PRV setting=34.00 m | J113 pressure=34.00 m
    19:00:00: Balancing the network:

              Trial  1: relative flow change = 0.130209
              Trial  2: relative flow change = 0.070962
              Trial  3: relative flow change = 0.002343
              Trial  4: relative flow change = 0.000005
                        maximum  flow change = 0.0001 for Link P34
                        maximum  head error  = 0.0000 for Link P121

    Modulating: flow=7.59 LPS -> target pressure=31.17 m (was 34.00 m)
      Lua script changed status — re-solving (pass 1)
    19:00:00: Balancing the network:

              Trial  1: relative flow change = 0.000000
                        maximum  flow change = 0.0000 for Link P126
                        maximum  head error  = 0.0000 for Link P143

    19:00:00: Balanced after 1 trials
   
    Step: V1 flow=7.59 LPS | PRV setting=31.17 m | J113 pressure=31.17 m
    20:00:00: Balancing the network:

              Trial  1: relative flow change = 0.029552
              Trial  2: relative flow change = 0.017582
              Trial  3: relative flow change = 0.000125
                        maximum  flow change = 0.0025 for Link P149
                        maximum  head error  = 0.0000 for Link P6

    Modulating: flow=7.07 LPS -> target pressure=30.15 m (was 31.17 m)
      Lua script changed status — re-solving (pass 1)
    20:00:00: Balancing the network:

              Trial  1: relative flow change = 0.000000
                        maximum  flow change = 0.0000 for Link P126
                        maximum  head error  = 0.0000 for Link P143

    20:00:00: Balanced after 1 trials
   
    Step: V1 flow=7.07 LPS | PRV setting=30.15 m | J113 pressure=30.15 m
    21:00:00: Balancing the network:

              Trial  1: relative flow change = 0.059573
              Trial  2: relative flow change = 0.034635
              Trial  3: relative flow change = 0.000483
                        maximum  flow change = 0.0092 for Link P149
                        maximum  head error  = 0.0000 for Link P49

    Modulating: flow=6.05 LPS -> target pressure=27.14 m (was 30.15 m)
      Lua script changed status — re-solving (pass 1)
    21:00:00: Balancing the network:

              Trial  1: relative flow change = 0.000000
                        maximum  flow change = 0.0000 for Link P126
                        maximum  head error  = 0.0000 for Link P49

    21:00:00: Balanced after 1 trials
   
    Step: V1 flow=6.05 LPS | PRV setting=27.14 m | J113 pressure=27.14 m
    21:17:57: Pump PU1 changed by Tank T1 control
    21:17:57: Balancing the network:

              Trial  1: relative flow change = 2.115823
              Trial  2: relative flow change = 0.102371
              Trial  3: relative flow change = 0.008551
              Trial  4: relative flow change = 0.000141
                        maximum  flow change = 0.0022 for Link P121
                        maximum  head error  = 0.0000 for Link P13

    21:17:57: Balanced after 4 trials
    21:17:57: Reservoir R2 is closed
    21:17:57: Tank T1 is emptying at 5.20 m
    21:17:57: Pump PU1 changed from open to closed
   
    Step: V1 flow=6.05 LPS | PRV setting=27.14 m | J113 pressure=27.14 m
    22:00:00: Balancing the network:

              Trial  1: relative flow change = 0.210165
              Trial  2: relative flow change = 0.136737
              Trial  3: relative flow change = 0.000952
                        maximum  flow change = 0.0135 for Link P6
                        maximum  head error  = 0.0000 for Link P114

    Modulating: flow=4.51 LPS -> target pressure=23.01 m (was 27.14 m)
      Lua script changed status — re-solving (pass 1)
    22:00:00: Balancing the network:

              Trial  1: relative flow change = 0.000005
                        maximum  flow change = 0.0001 for Link P44
                        maximum  head error  = 0.0000 for Link P114

    22:00:00: Balanced after 1 trials
   
    Step: V1 flow=4.51 LPS | PRV setting=23.01 m | J113 pressure=23.01 m
    23:00:00: Balancing the network:

              Trial  1: relative flow change = 0.307163
              Trial  2: relative flow change = 0.212950
              Trial  3: relative flow change = 0.002153
              Trial  4: relative flow change = 0.000026
                        maximum  flow change = 0.0003 for Link P69
                        maximum  head error  = 0.0000 for Link P114

    Modulating: flow=2.97 LPS -> target pressure=20.00 m (was 23.01 m)
      Lua script changed status — re-solving (pass 1)
    23:00:00: Balancing the network:

              Trial  1: relative flow change = 0.000002
                        maximum  flow change = 0.0000 for Link P126
                        maximum  head error  = 0.0000 for Link P143

    23:00:00: Balanced after 1 trials
   
    Step: V1 flow=2.97 LPS | PRV setting=20.00 m | J113 pressure=20.00 m
    24:00:00: Balancing the network:

              Trial  1: relative flow change = 0.000001
                        maximum  flow change = 0.0000 for Link P89
                        maximum  head error  = 0.0000 for Link P6

    24:00:00: Balanced after 1 trials
   
    Step: V1 flow=2.97 LPS | PRV setting=20.00 m | J113 pressure=20.00 m
  Hydraulic Flow Balance (L/s)
  ================================
  Total Inflow:            17.370
  Consumer Demand:         18.075
  Demand Deficit:           0.000
  Emitter Flow:             0.000
  Leakage Flow:             0.000
  Total Outflow:           18.075
  Storage Flow:            -0.704
  Flow Ratio:               1.000
  ================================

  Analysis ended Sun Mar 22 22:45:21 2026

   
  Node Results at 0:00:00 hrs:
  ----------------------------------------------
                     Demand      Head  Pressure
  Node                  L/s         m    METERS
  ----------------------------------------------
  J113                 0.00     46.60     20.00
   
   
  Link Results at 0:00:00 hrs:
  --------------------------------------------------------
                       Flow  Velocity  Headloss   Setting
  Link                  L/s       m/s    /1000m          
  --------------------------------------------------------
  V1                   2.97      0.17     36.54     20.00  PRV
   
   
  Node Results at 1:00:00 hrs:
  ----------------------------------------------
                     Demand      Head  Pressure
  Node                  L/s         m    METERS
  ----------------------------------------------
  J113                 0.00     46.60     20.00
   
   
  Link Results at 1:00:00 hrs:
  --------------------------------------------------------
                       Flow  Velocity  Headloss   Setting
  Link                  L/s       m/s    /1000m          
  --------------------------------------------------------
  V1                   2.71      0.15     36.58     20.00  PRV
   
   
  Node Results at 2:00:00 hrs:
  ----------------------------------------------
                     Demand      Head  Pressure
  Node                  L/s         m    METERS
  ----------------------------------------------
  J113                 0.00     46.60     20.00
   
   
  Link Results at 2:00:00 hrs:
  --------------------------------------------------------
                       Flow  Velocity  Headloss   Setting
  Link                  L/s       m/s    /1000m          
  --------------------------------------------------------
  V1                   2.45      0.14     36.63     20.00  PRV
   
   
  Node Results at 3:00:00 hrs:
  ----------------------------------------------
                     Demand      Head  Pressure
  Node                  L/s         m    METERS
  ----------------------------------------------
  J113                 0.00     46.60     20.00
   
   
  Link Results at 3:00:00 hrs:
  --------------------------------------------------------
                       Flow  Velocity  Headloss   Setting
  Link                  L/s       m/s    /1000m          
  --------------------------------------------------------
  V1                   2.97      0.17     36.28     20.00  PRV
   
   
  Node Results at 4:00:00 hrs:
  ----------------------------------------------
                     Demand      Head  Pressure
  Node                  L/s         m    METERS
  ----------------------------------------------
  J113                 0.00     49.10     22.50
   
   
  Link Results at 4:00:00 hrs:
  --------------------------------------------------------
                       Flow  Velocity  Headloss   Setting
  Link                  L/s       m/s    /1000m          
  --------------------------------------------------------
  V1                   4.25      0.24     32.79     22.50  PRV
   
   
  Node Results at 5:00:00 hrs:
  ----------------------------------------------
                     Demand      Head  Pressure
  Node                  L/s         m    METERS
  ----------------------------------------------
  J113                 0.00     55.12     28.52
   
   
  Link Results at 5:00:00 hrs:
  --------------------------------------------------------
                       Flow  Velocity  Headloss   Setting
  Link                  L/s       m/s    /1000m          
  --------------------------------------------------------
  V1                   6.51      0.37     24.37     28.52  PRV
   
   
  Node Results at 6:00:00 hrs:
  ----------------------------------------------
                     Demand      Head  Pressure
  Node                  L/s         m    METERS
  ----------------------------------------------
  J113                 0.00     58.80     32.20
   
   
  Link Results at 6:00:00 hrs:
  --------------------------------------------------------
                       Flow  Velocity  Headloss   Setting
  Link                  L/s       m/s    /1000m          
  --------------------------------------------------------
  V1                   8.10      0.46     18.39     32.20  PRV
   
   
  Node Results at 7:00:00 hrs:
  ----------------------------------------------
                     Demand      Head  Pressure
  Node                  L/s         m    METERS
  ----------------------------------------------
  J113                 0.00     60.60     34.00
   
   
  Link Results at 7:00:00 hrs:
  --------------------------------------------------------
                       Flow  Velocity  Headloss   Setting
  Link                  L/s       m/s    /1000m          
  --------------------------------------------------------
  V1                   9.64      0.55     13.93     34.00  PRV
   
   
  Node Results at 8:00:00 hrs:
  ----------------------------------------------
                     Demand      Head  Pressure
  Node                  L/s         m    METERS
  ----------------------------------------------
  J113                 0.00     59.31     32.71
   
   
  Link Results at 8:00:00 hrs:
  --------------------------------------------------------
                       Flow  Velocity  Headloss   Setting
  Link                  L/s       m/s    /1000m          
  --------------------------------------------------------
  V1                   8.36      0.47     16.89     32.71  PRV
   
   
  Node Results at 9:00:00 hrs:
  ----------------------------------------------
                     Demand      Head  Pressure
  Node                  L/s         m    METERS
  ----------------------------------------------
  J113                 0.00     56.75     30.15
   
   
  Link Results at 9:00:00 hrs:
  --------------------------------------------------------
                       Flow  Velocity  Headloss   Setting
  Link                  L/s       m/s    /1000m          
  --------------------------------------------------------
  V1                   7.07      0.40     28.88     30.15  PRV
   
   
  Node Results at 10:00:00 hrs:
  ----------------------------------------------
                     Demand      Head  Pressure
  Node                  L/s         m    METERS
  ----------------------------------------------
  J113                 0.00     52.97     26.37
   
   
  Link Results at 10:00:00 hrs:
  --------------------------------------------------------
                       Flow  Velocity  Headloss   Setting
  Link                  L/s       m/s    /1000m          
  --------------------------------------------------------
  V1                   5.79      0.33     33.76     26.37  PRV
   
   
  Node Results at 11:00:00 hrs:
  ----------------------------------------------
                     Demand      Head  Pressure
  Node                  L/s         m    METERS
  ----------------------------------------------
  J113                 0.00     56.75     30.15
   
   
  Link Results at 11:00:00 hrs:
  --------------------------------------------------------
                       Flow  Velocity  Headloss   Setting
  Link                  L/s       m/s    /1000m          
  --------------------------------------------------------
  V1                   7.07      0.40     29.09     30.15  PRV
   
   
  Node Results at 12:00:00 hrs:
  ----------------------------------------------
                     Demand      Head  Pressure
  Node                  L/s         m    METERS
  ----------------------------------------------
  J113                 0.00     57.77     31.17
   
   
  Link Results at 12:00:00 hrs:
  --------------------------------------------------------
                       Flow  Velocity  Headloss   Setting
  Link                  L/s       m/s    /1000m          
  --------------------------------------------------------
  V1                   7.59      0.43     27.78     31.17  PRV
   
   
  Node Results at 13:00:00 hrs:
  ----------------------------------------------
                     Demand      Head  Pressure
  Node                  L/s         m    METERS
  ----------------------------------------------
  J113                 0.00     56.75     30.15
   
   
  Link Results at 13:00:00 hrs:
  --------------------------------------------------------
                       Flow  Velocity  Headloss   Setting
  Link                  L/s       m/s    /1000m          
  --------------------------------------------------------
  V1                   7.07      0.40     29.27     30.15  PRV
   
   
  Node Results at 14:00:00 hrs:
  ----------------------------------------------
                     Demand      Head  Pressure
  Node                  L/s         m    METERS
  ----------------------------------------------
  J113                 0.00     52.97     26.37
   
   
  Link Results at 14:00:00 hrs:
  --------------------------------------------------------
                       Flow  Velocity  Headloss   Setting
  Link                  L/s       m/s    /1000m          
  --------------------------------------------------------
  V1                   5.79      0.33     34.13     26.37  PRV
   
   
  Node Results at 15:00:00 hrs:
  ----------------------------------------------
                     Demand      Head  Pressure
  Node                  L/s         m    METERS
  ----------------------------------------------
  J113                 0.00     50.66     24.06
   
   
  Link Results at 15:00:00 hrs:
  --------------------------------------------------------
                       Flow  Velocity  Headloss   Setting
  Link                  L/s       m/s    /1000m          
  --------------------------------------------------------
  V1                   5.02      0.28     37.17     24.06  PRV
   
   
  Node Results at 16:00:00 hrs:
  ----------------------------------------------
                     Demand      Head  Pressure
  Node                  L/s         m    METERS
  ----------------------------------------------
  J113                 0.00     55.12     28.52
   
   
  Link Results at 16:00:00 hrs:
  --------------------------------------------------------
                       Flow  Velocity  Headloss   Setting
  Link                  L/s       m/s    /1000m          
  --------------------------------------------------------
  V1                   6.51      0.37     31.65     28.52  PRV
   
   
  Node Results at 17:00:00 hrs:
  ----------------------------------------------
                     Demand      Head  Pressure
  Node                  L/s         m    METERS
  ----------------------------------------------
  J113                 0.00     57.77     31.17
   
   
  Link Results at 17:00:00 hrs:
  --------------------------------------------------------
                       Flow  Velocity  Headloss   Setting
  Link                  L/s       m/s    /1000m          
  --------------------------------------------------------
  V1                   7.59      0.43     28.31     31.17  PRV
   
   
  Node Results at 18:00:00 hrs:
  ----------------------------------------------
                     Demand      Head  Pressure
  Node                  L/s         m    METERS
  ----------------------------------------------
  J113                 0.00     60.60     34.00
   
   
  Link Results at 18:00:00 hrs:
  --------------------------------------------------------
                       Flow  Velocity  Headloss   Setting
  Link                  L/s       m/s    /1000m          
  --------------------------------------------------------
  V1                   9.64      0.55     24.28     34.00  PRV
   
   
  Node Results at 19:00:00 hrs:
  ----------------------------------------------
                     Demand      Head  Pressure
  Node                  L/s         m    METERS
  ----------------------------------------------
  J113                 0.00     57.77     31.17
   
   
  Link Results at 19:00:00 hrs:
  --------------------------------------------------------
                       Flow  Velocity  Headloss   Setting
  Link                  L/s       m/s    /1000m          
  --------------------------------------------------------
  V1                   7.59      0.43     28.44     31.17  PRV
   
   
  Node Results at 20:00:00 hrs:
  ----------------------------------------------
                     Demand      Head  Pressure
  Node                  L/s         m    METERS
  ----------------------------------------------
  J113                 0.00     56.75     30.15
   
   
  Link Results at 20:00:00 hrs:
  --------------------------------------------------------
                       Flow  Velocity  Headloss   Setting
  Link                  L/s       m/s    /1000m          
  --------------------------------------------------------
  V1                   7.07      0.40     29.91     30.15  PRV
   
   
  Node Results at 21:00:00 hrs:
  ----------------------------------------------
                     Demand      Head  Pressure
  Node                  L/s         m    METERS
  ----------------------------------------------
  J113                 0.00     53.74     27.14
   
   
  Link Results at 21:00:00 hrs:
  --------------------------------------------------------
                       Flow  Velocity  Headloss   Setting
  Link                  L/s       m/s    /1000m          
  --------------------------------------------------------
  V1                   6.05      0.34     33.76     27.14  PRV
   
   
  Node Results at 22:00:00 hrs:
  ----------------------------------------------
                     Demand      Head  Pressure
  Node                  L/s         m    METERS
  ----------------------------------------------
  J113                 0.00     49.61     23.01
   
   
  Link Results at 22:00:00 hrs:
  --------------------------------------------------------
                       Flow  Velocity  Headloss   Setting
  Link                  L/s       m/s    /1000m          
  --------------------------------------------------------
  V1                   4.51      0.26     32.47     23.01  PRV
   
   
  Node Results at 23:00:00 hrs:
  ----------------------------------------------
                     Demand      Head  Pressure
  Node                  L/s         m    METERS
  ----------------------------------------------
  J113                 0.00     46.60     20.00
   
   
  Link Results at 23:00:00 hrs:
  --------------------------------------------------------
                       Flow  Velocity  Headloss   Setting
  Link                  L/s       m/s    /1000m          
  --------------------------------------------------------
  V1                   2.97      0.17     36.44     20.00  PRV
   
   
  Node Results at 24:00:00 hrs:
  ----------------------------------------------
                     Demand      Head  Pressure
  Node                  L/s         m    METERS
  ----------------------------------------------
  J113                 0.00     46.60     20.00
   
   
  Link Results at 24:00:00 hrs:
  --------------------------------------------------------
                       Flow  Velocity  Headloss   Setting
  Link                  L/s       m/s    /1000m          
  --------------------------------------------------------
  V1                   2.97      0.17     36.34     20.00  PRV
   