  Page 1                                    Sun Mar 22 23:29:59 2026

  ******************************************************************
  *                           E P A N E T                          *
  *                   Hydraulic and Water Quality                  *
  *                   Analysis for Pipe Networks                   *
  *                          Version 2.3.05                        *
  ******************************************************************
  
  VSP-PRV (3-point) initialised: target pressure = 80.0 m
  Pump curve: A=60.0  B=10.0  C=2.5850
  Analysis begun Sun Mar 22 23:29:59 2026

   
  Hydraulic Status:
  -----------------------------------------------------------------------
     0:00:00: Balancing the network:

              Trial  1: relative flow change = 1.497765
              PRV V1 switched from active to open
              Trial  2: relative flow change = 1.020405
              PRV V1 switched from open to active
              Pump PU2 switched from open to closed
              Trial  3: relative flow change = 0.147375
              PRV V1 switched from active to open
              Trial  4: relative flow change = 0.152375
              Pump PU2 switched from closed to open
              Trial  5: relative flow change = 0.122901
              PRV V1 switched from open to active
              Trial  6: relative flow change = 0.007368
              Trial  7: relative flow change = 0.000651
                        maximum  flow change = 0.0140 for Link P90
                        maximum  head error  = 0.0000 for Link P30

    Pass 1: Q=0.9695  H_pump=50.77  PRV_drop=27.72  H_target=23.05  => N=0.7522
      Lua script changed status — re-solving (pass 1)
     0:00:00: Balancing the network:

              Trial  1: relative flow change = 0.884719
              PRV V1 switched from active to open
              Trial  2: relative flow change = 0.726961
              Trial  3: relative flow change = 0.036503
              Trial  4: relative flow change = 0.001587
              Trial  5: relative flow change = 0.000136
                        maximum  flow change = 0.0061 for Link P97
                        maximum  head error  = 0.0000 for Link P82

    Pass 2: Q=0.9695  J113_pressure=80.00  N=0.7522  (verify)
     0:00:00: Balanced after 5 trials
     0:00:00: Reservoir R2 is closed
     0:00:00: Tank T1 is emptying at 5.00 m
     0:00:00: PRV V1 open
   
  Step: N=0.7522  Q=0.9695  J113_P=80.00  J126_P=87.39
     1:00:00: Balancing the network:

              Trial  1: relative flow change = 0.084230
              PRV V1 switched from open to active
              Trial  2: relative flow change = 0.000072
                        maximum  flow change = 0.0005 for Link P6
                        maximum  head error  = 0.0000 for Link P44

    Pass 1: Q=0.9627  H_pump=50.94  PRV_drop=27.88  H_target=23.06  => N=0.7503
      Lua script changed status — re-solving (pass 1)
     1:00:00: Balancing the network:

              Trial  1: relative flow change = 0.958798
              PRV V1 switched from active to open
              Trial  2: relative flow change = 0.787755
              Trial  3: relative flow change = 0.040540
              Trial  4: relative flow change = 0.001467
              Trial  5: relative flow change = 0.000008
                        maximum  flow change = 0.0001 for Link P72
                        maximum  head error  = 0.0000 for Link P58

    Pass 2: Q=0.9626  J113_pressure=80.00  N=0.7503  (verify)
     1:00:00: Balanced after 5 trials
   
  Step: N=0.7503  Q=0.9626  J113_P=80.00  J126_P=87.39
     2:00:00: Balancing the network:

              Trial  1: relative flow change = 0.091832
              PRV V1 switched from open to active
              Trial  2: relative flow change = 0.000100
                        maximum  flow change = 0.0008 for Link P6
                        maximum  head error  = 0.0000 for Link P44

    Pass 1: Q=0.9557  H_pump=51.10  PRV_drop=28.04  H_target=23.07  => N=0.7484
      Lua script changed status — re-solving (pass 1)
     2:00:00: Balancing the network:

              Trial  1: relative flow change = 1.043730
              PRV V1 switched from active to open
              Trial  2: relative flow change = 0.856479
              Trial  3: relative flow change = 0.043242
              Trial  4: relative flow change = 0.002141
              Trial  5: relative flow change = 0.000018
                        maximum  flow change = 0.0002 for Link P92
                        maximum  head error  = 0.0000 for Link P58

    Pass 2: Q=0.9556  J113_pressure=80.00  N=0.7484  (verify)
     2:00:00: Balanced after 5 trials
   
  Step: N=0.7484  Q=0.9556  J113_P=80.00  J126_P=87.39
     3:00:00: Balancing the network:

              Trial  1: relative flow change = 0.155712
              PRV V1 switched from open to active
              Trial  2: relative flow change = 0.000305
                        maximum  flow change = 0.0033 for Link P6
                        maximum  head error  = 0.0000 for Link P44

    Pass 1: Q=0.9696  H_pump=50.77  PRV_drop=27.52  H_target=23.25  => N=0.7543
      Lua script changed status — re-solving (pass 1)
     3:00:00: Balancing the network:

              Trial  1: relative flow change = 0.884679
              PRV V1 switched from active to open
              Trial  2: relative flow change = 0.726873
              Trial  3: relative flow change = 0.036524
              Trial  4: relative flow change = 0.001189
              Trial  5: relative flow change = 0.000004
                        maximum  flow change = 0.0000 for Link P44
                        maximum  head error  = 0.0000 for Link P44

    Pass 2: Q=0.9695  J113_pressure=80.00  N=0.7543  (verify)
     3:00:00: Balanced after 5 trials
   
  Step: N=0.7543  Q=0.9695  J113_P=80.00  J126_P=87.39
     4:00:00: Balancing the network:

              Trial  1: relative flow change = 0.280417
              PRV V1 switched from open to active
              Trial  2: relative flow change = 0.000663
                        maximum  flow change = 0.0092 for Link P6
                        maximum  head error  = 0.0000 for Link P44

    Pass 1: Q=1.0044  H_pump=49.89  PRV_drop=26.17  H_target=23.72  => N=0.7693
      Lua script changed status — re-solving (pass 1)
     4:00:00: Balancing the network:

              Trial  1: relative flow change = 0.619241
              PRV V1 switched from active to open
              Trial  2: relative flow change = 0.520954
              Trial  3: relative flow change = 0.018449
              Trial  4: relative flow change = 0.000329
                        maximum  flow change = 0.0035 for Link P91
                        maximum  head error  = 0.0000 for Link P44

    Pass 2: Q=1.0043  J113_pressure=80.00  N=0.7693  (verify)
     4:00:00: Balanced after 4 trials
   
  Step: N=0.7693  Q=1.0043  J113_P=80.00  J126_P=87.39
     5:00:00: Balancing the network:

              Trial  1: relative flow change = 0.330402
              PRV V1 switched from open to active
              Trial  2: relative flow change = 0.000400
                        maximum  flow change = 0.0076 for Link P6
                        maximum  head error  = 0.0000 for Link P44

    Pass 1: Q=1.0655  H_pump=48.22  PRV_drop=23.44  H_target=24.78  => N=0.7981
      Lua script changed status — re-solving (pass 1)
     5:00:00: Balancing the network:

              Trial  1: relative flow change = 0.400867
              PRV V1 switched from active to open
              Trial  2: relative flow change = 0.350331
              Trial  3: relative flow change = 0.006921
              Trial  4: relative flow change = 0.000049
                        maximum  flow change = 0.0004 for Link P36
                        maximum  head error  = 0.0000 for Link P13

    Pass 2: Q=1.0654  J113_pressure=80.00  N=0.7981  (verify)
     5:00:00: Balanced after 4 trials
   
  Step: N=0.7981  Q=1.0654  J113_P=80.00  J126_P=87.39
     6:00:00: Balancing the network:

              Trial  1: relative flow change = 0.188824
              PRV V1 switched from open to active
              Trial  2: relative flow change = 0.000053
                        maximum  flow change = 0.0011 for Link P6
                        maximum  head error  = 0.0000 for Link P44

    Pass 1: Q=1.1086  H_pump=46.95  PRV_drop=21.14  H_target=25.81  => N=0.8211
      Lua script changed status — re-solving (pass 1)
     6:00:00: Balancing the network:

              Trial  1: relative flow change = 0.320697
              PRV V1 switched from active to open
              Trial  2: relative flow change = 0.284662
              Trial  3: relative flow change = 0.003986
              Trial  4: relative flow change = 0.000018
                        maximum  flow change = 0.0002 for Link P36
                        maximum  head error  = 0.0000 for Link P13

    Pass 2: Q=1.1085  J113_pressure=80.00  N=0.8211  (verify)
     6:00:00: Balanced after 4 trials
   
  Step: N=0.8211  Q=1.1085  J113_P=80.00  J126_P=87.39
     7:00:00: Balancing the network:

              Trial  1: relative flow change = 0.154497
              PRV V1 switched from open to active
              Trial  2: relative flow change = 0.000024
                        maximum  flow change = 0.0005 for Link P6
                        maximum  head error  = 0.0000 for Link P44

    Pass 1: Q=1.1502  H_pump=45.64  PRV_drop=18.65  H_target=26.99  => N=0.8450
      Lua script changed status — re-solving (pass 1)
     7:00:00: Balancing the network:

              Trial  1: relative flow change = 0.268133
              PRV V1 switched from active to open
              Trial  2: relative flow change = 0.240823
              Trial  3: relative flow change = 0.002835
              Trial  4: relative flow change = 0.000009
                        maximum  flow change = 0.0001 for Link P56
                        maximum  head error  = 0.0000 for Link P13

    Pass 2: Q=1.1502  J113_pressure=80.00  N=0.8450  (verify)
     7:00:00: Balanced after 4 trials
   
  Step: N=0.8450  Q=1.1502  J113_P=80.00  J126_P=87.39
     8:00:00: Balancing the network:

              Trial  1: relative flow change = 0.147767
              PRV V1 switched from open to active
              Trial  2: relative flow change = 0.000017
                        maximum  flow change = 0.0003 for Link P6
                        maximum  head error  = 0.0000 for Link P44

    Pass 1: Q=1.1155  H_pump=46.73  PRV_drop=20.34  H_target=26.40  => N=0.8287
      Lua script changed status — re-solving (pass 1)
     8:00:00: Balancing the network:

              Trial  1: relative flow change = 0.310598
              PRV V1 switched from active to open
              Trial  2: relative flow change = 0.276284
              Trial  3: relative flow change = 0.003742
              Trial  4: relative flow change = 0.000016
                        maximum  flow change = 0.0002 for Link P87
                        maximum  head error  = 0.0000 for Link P13

    Pass 2: Q=1.1154  J113_pressure=80.00  N=0.8287  (verify)
     8:00:00: Balanced after 4 trials
   
  Step: N=0.8287  Q=1.1154  J113_P=80.00  J126_P=87.39
     9:00:00: Balancing the network:

              Trial  1: relative flow change = 0.173380
              PRV V1 switched from open to active
              Trial  2: relative flow change = 0.000030
                        maximum  flow change = 0.0005 for Link P6
                        maximum  head error  = 0.0000 for Link P44

    Pass 1: Q=1.0808  H_pump=47.78  PRV_drop=21.90  H_target=25.87  => N=0.8131
      Lua script changed status — re-solving (pass 1)
     9:00:00: Balancing the network:

              Trial  1: relative flow change = 0.368280
              PRV V1 switched from active to open
              Trial  2: relative flow change = 0.323839
              Trial  3: relative flow change = 0.005525
              Trial  4: relative flow change = 0.000034
                        maximum  flow change = 0.0003 for Link P87
                        maximum  head error  = 0.0000 for Link P13

    Pass 2: Q=1.0807  J113_pressure=80.00  N=0.8131  (verify)
     9:00:00: Balanced after 4 trials
   
  Step: N=0.8131  Q=1.0807  J113_P=80.00  J126_P=87.39
    10:00:00: Balancing the network:

              Trial  1: relative flow change = 0.209715
              PRV V1 switched from open to active
              Trial  2: relative flow change = 0.000059
                        maximum  flow change = 0.0009 for Link P6
                        maximum  head error  = 0.0000 for Link P44

    Pass 1: Q=1.0460  H_pump=48.77  PRV_drop=23.35  H_target=25.42  => N=0.7983
      Lua script changed status — re-solving (pass 1)
    10:00:00: Balancing the network:

              Trial  1: relative flow change = 0.451742
              PRV V1 switched from active to open
              Trial  2: relative flow change = 0.391070
              Trial  3: relative flow change = 0.009318
              Trial  4: relative flow change = 0.000080
                        maximum  flow change = 0.0006 for Link P91
                        maximum  head error  = 0.0000 for Link P13

    Pass 2: Q=1.0460  J113_pressure=80.00  N=0.7983  (verify)
    10:00:00: Balanced after 4 trials
   
  Step: N=0.7983  Q=1.0460  J113_P=80.00  J126_P=87.39
    10:57:22: Pump PU1 changed by Tank T1 control
    10:57:22: Balancing the network:

              Trial  1: relative flow change = 1.099817
              PRV V1 switched from open to active
              Trial  2: relative flow change = 0.802322
              Trial  3: relative flow change = 0.347588
              Trial  4: relative flow change = 0.052697
              Trial  5: relative flow change = 0.001345
              Trial  6: relative flow change = 0.000003
                        maximum  flow change = 0.0001 for Link P21
                        maximum  head error  = 0.0000 for Link P20

    Pass 1: Q=1.0459  H_pump=48.77  PRV_drop=30.93  H_target=17.84  => N=0.7236
      Lua script changed status — re-solving (pass 1)
    10:57:22: Balancing the network:

              Trial  1: relative flow change = 0.095743
              PRV V1 switched from active to open
              Trial  2: relative flow change = 0.100887
              Trial  3: relative flow change = 0.001464
              Trial  4: relative flow change = 0.000001
                        maximum  flow change = 0.0001 for Link P121
                        maximum  head error  = 0.0000 for Link P121

    Pass 2: Q=1.0459  J113_pressure=80.00  N=0.7236  (verify)
    10:57:22: Balanced after 4 trials
    10:57:22: Reservoir R2 is emptying
    10:57:22: Tank T1 is filling at 3.50 m
    10:57:22: Pump PU1 changed from closed to open
   
  Step: N=0.7236  Q=1.0459  J113_P=80.00  J126_P=87.39
    11:00:00: Balancing the network:

              Trial  1: relative flow change = 0.057450
              PRV V1 switched from open to active
              Trial  2: relative flow change = 0.001443
              Trial  3: relative flow change = 0.000004
                        maximum  flow change = 0.0001 for Link PU2
                        maximum  head error  = 0.0000 for Link PU2

    Pass 1: Q=1.0807  H_pump=47.78  PRV_drop=29.41  H_target=18.37  => N=0.7409
      Lua script changed status — re-solving (pass 1)
    11:00:00: Balancing the network:

              Trial  1: relative flow change = 0.097819
              PRV V1 switched from active to open
              Trial  2: relative flow change = 0.102889
              Trial  3: relative flow change = 0.001491
              Trial  4: relative flow change = 0.000001
                        maximum  flow change = 0.0000 for Link P121
                        maximum  head error  = 0.0000 for Link P121

    Pass 2: Q=1.0807  J113_pressure=80.00  N=0.7409  (verify)
    11:00:00: Balanced after 4 trials
   
  Step: N=0.7409  Q=1.0807  J113_P=80.00  J126_P=87.39
    12:00:00: Balancing the network:

              Trial  1: relative flow change = 0.025756
              PRV V1 switched from open to active
              Trial  2: relative flow change = 0.000251
                        maximum  flow change = 0.0054 for Link P120
                        maximum  head error  = 0.0000 for Link P122

    Pass 1: Q=1.0947  H_pump=47.37  PRV_drop=28.90  H_target=18.46  => N=0.7467
      Lua script changed status — re-solving (pass 1)
    12:00:00: Balancing the network:

              Trial  1: relative flow change = 0.099241
              PRV V1 switched from active to open
              Trial  2: relative flow change = 0.104418
              Trial  3: relative flow change = 0.001538
              Trial  4: relative flow change = 0.000001
                        maximum  flow change = 0.0000 for Link P121
                        maximum  head error  = 0.0000 for Link P121

    Pass 2: Q=1.0946  J113_pressure=80.00  N=0.7467  (verify)
    12:00:00: Balanced after 4 trials
   
  Step: N=0.7467  Q=1.0946  J113_P=80.00  J126_P=87.39
    13:00:00: Balancing the network:

              Trial  1: relative flow change = 0.021698
              PRV V1 switched from open to active
              Trial  2: relative flow change = 0.000191
                        maximum  flow change = 0.0041 for Link P120
                        maximum  head error  = 0.0000 for Link P122

    Pass 1: Q=1.0808  H_pump=47.78  PRV_drop=29.63  H_target=18.15  => N=0.7387
      Lua script changed status — re-solving (pass 1)
    13:00:00: Balancing the network:

              Trial  1: relative flow change = 0.098864
              PRV V1 switched from active to open
              Trial  2: relative flow change = 0.104049
              Trial  3: relative flow change = 0.001525
              Trial  4: relative flow change = 0.000001
                        maximum  flow change = 0.0000 for Link P121
                        maximum  head error  = 0.0000 for Link PU2

    Pass 2: Q=1.0807  J113_pressure=80.00  N=0.7387  (verify)
    13:00:00: Balanced after 4 trials
   
  Step: N=0.7387  Q=1.0807  J113_P=80.00  J126_P=87.39
    14:00:00: Balancing the network:

              Trial  1: relative flow change = 0.055728
              PRV V1 switched from open to active
              Trial  2: relative flow change = 0.001310
              Trial  3: relative flow change = 0.000004
                        maximum  flow change = 0.0001 for Link PU2
                        maximum  head error  = 0.0000 for Link PU2

    Pass 1: Q=1.0459  H_pump=48.77  PRV_drop=31.25  H_target=17.52  => N=0.7202
      Lua script changed status — re-solving (pass 1)
    14:00:00: Balancing the network:

              Trial  1: relative flow change = 0.097291
              PRV V1 switched from active to open
              Trial  2: relative flow change = 0.102592
              Trial  3: relative flow change = 0.001505
              Trial  4: relative flow change = 0.000001
                        maximum  flow change = 0.0001 for Link P121
                        maximum  head error  = 0.0000 for Link P121

    Pass 2: Q=1.0459  J113_pressure=80.00  N=0.7202  (verify)
    14:00:00: Balanced after 4 trials
   
  Step: N=0.7202  Q=1.0459  J113_P=80.00  J126_P=87.39
    15:00:00: Balancing the network:

              Trial  1: relative flow change = 0.032395
              PRV V1 switched from open to active
              Trial  2: relative flow change = 0.000525
                        maximum  flow change = 0.0100 for Link P120
                        maximum  head error  = 0.0000 for Link P122

    Pass 1: Q=1.0252  H_pump=49.34  PRV_drop=32.26  H_target=17.08  => N=0.7086
      Lua script changed status — re-solving (pass 1)
    15:00:00: Balancing the network:

              Trial  1: relative flow change = 0.096492
              PRV V1 switched from active to open
              Trial  2: relative flow change = 0.101943
              Trial  3: relative flow change = 0.001529
              Trial  4: relative flow change = 0.000002
                        maximum  flow change = 0.0001 for Link P121
                        maximum  head error  = 0.0000 for Link P121

    Pass 2: Q=1.0251  J113_pressure=80.00  N=0.7086  (verify)
    15:00:00: Balanced after 4 trials
   
  Step: N=0.7086  Q=1.0251  J113_P=80.00  J126_P=87.39
    16:00:00: Balancing the network:

              Trial  1: relative flow change = 0.070233
              PRV V1 switched from open to active
              Trial  2: relative flow change = 0.002058
              Trial  3: relative flow change = 0.000006
                        maximum  flow change = 0.0001 for Link P102
                        maximum  head error  = 0.0000 for Link PU2

    Pass 1: Q=1.0654  H_pump=48.22  PRV_drop=30.66  H_target=17.56  => N=0.7275
      Lua script changed status — re-solving (pass 1)
    16:00:00: Balancing the network:

              Trial  1: relative flow change = 0.099690
              PRV V1 switched from active to open
              Trial  2: relative flow change = 0.105088
              Trial  3: relative flow change = 0.001550
              Trial  4: relative flow change = 0.000001
                        maximum  flow change = 0.0000 for Link P121
                        maximum  head error  = 0.0000 for Link P121

    Pass 2: Q=1.0654  J113_pressure=80.00  N=0.7275  (verify)
    16:00:00: Balanced after 4 trials
   
  Step: N=0.7275  Q=1.0654  J113_P=80.00  J126_P=87.39
    17:00:00: Balancing the network:

              Trial  1: relative flow change = 0.052758
              PRV V1 switched from open to active
              Trial  2: relative flow change = 0.001066
              Trial  3: relative flow change = 0.000003
                        maximum  flow change = 0.0001 for Link P125
                        maximum  head error  = 0.0000 for Link PU2

    Pass 1: Q=1.0946  H_pump=47.37  PRV_drop=29.49  H_target=17.87  => N=0.7408
      Lua script changed status — re-solving (pass 1)
    17:00:00: Balancing the network:

              Trial  1: relative flow change = 0.102200
              PRV V1 switched from active to open
              Trial  2: relative flow change = 0.107723
              Trial  3: relative flow change = 0.001637
              Trial  4: relative flow change = 0.000002
                        maximum  flow change = 0.0000 for Link P121
                        maximum  head error  = 0.0000 for Link P121

    Pass 2: Q=1.0946  J113_pressure=80.00  N=0.7408  (verify)
    17:00:00: Balanced after 4 trials
   
  Step: N=0.7408  Q=1.0946  J113_P=80.00  J126_P=87.39
    18:00:00: Balancing the network:

              Trial  1: relative flow change = 0.102063
              PRV V1 switched from open to active
              Trial  2: relative flow change = 0.003507
              Trial  3: relative flow change = 0.000009
                        maximum  flow change = 0.0003 for Link P121
                        maximum  head error  = 0.0000 for Link PU2

    Pass 1: Q=1.1502  H_pump=45.64  PRV_drop=27.10  H_target=18.54  => N=0.7671
      Lua script changed status — re-solving (pass 1)
    18:00:00: Balancing the network:

              Trial  1: relative flow change = 0.107227
              PRV V1 switched from active to open
              Trial  2: relative flow change = 0.113047
              Trial  3: relative flow change = 0.001798
              Trial  4: relative flow change = 0.000002
                        maximum  flow change = 0.0001 for Link P121
                        maximum  head error  = 0.0000 for Link P121

    Pass 2: Q=1.1502  J113_pressure=80.00  N=0.7671  (verify)
    18:00:00: Balanced after 4 trials
   
  Step: N=0.7671  Q=1.1502  J113_P=80.00  J126_P=87.39
    19:00:00: Balancing the network:

              Trial  1: relative flow change = 0.097262
              PRV V1 switched from open to active
              Trial  2: relative flow change = 0.002976
              Trial  3: relative flow change = 0.000005
                        maximum  flow change = 0.0001 for Link P123
                        maximum  head error  = 0.0000 for Link PU2

    Pass 1: Q=1.0946  H_pump=47.37  PRV_drop=29.68  H_target=17.69  => N=0.7390
      Lua script changed status — re-solving (pass 1)
    19:00:00: Balancing the network:

              Trial  1: relative flow change = 0.103165
              PRV V1 switched from active to open
              Trial  2: relative flow change = 0.108802
              Trial  3: relative flow change = 0.001671
              Trial  4: relative flow change = 0.000002
                        maximum  flow change = 0.0000 for Link P121
                        maximum  head error  = 0.0000 for Link PU2

    Pass 2: Q=1.0946  J113_pressure=80.00  N=0.7390  (verify)
    19:00:00: Balanced after 4 trials
   
  Step: N=0.7390  Q=1.0946  J113_P=80.00  J126_P=87.39
    20:00:00: Balancing the network:

              Trial  1: relative flow change = 0.022647
              PRV V1 switched from open to active
              Trial  2: relative flow change = 0.000201
                        maximum  flow change = 0.0042 for Link P120
                        maximum  head error  = 0.0000 for Link P122

    Pass 1: Q=1.0808  H_pump=47.78  PRV_drop=30.38  H_target=17.40  => N=0.7312
      Lua script changed status — re-solving (pass 1)
    20:00:00: Balancing the network:

              Trial  1: relative flow change = 0.102730
              PRV V1 switched from active to open
              Trial  2: relative flow change = 0.108366
              Trial  3: relative flow change = 0.001654
              Trial  4: relative flow change = 0.000002
                        maximum  flow change = 0.0000 for Link P121
                        maximum  head error  = 0.0000 for Link P121

    Pass 2: Q=1.0807  J113_pressure=80.00  N=0.7312  (verify)
    20:00:00: Balanced after 4 trials
   
  Step: N=0.7312  Q=1.0807  J113_P=80.00  J126_P=87.39
    20:34:41: Pump PU1 changed by Tank T1 control
    20:34:41: Balancing the network:

              Trial  1: relative flow change = 2.832917
              PRV V1 switched from open to active
              Trial  2: relative flow change = 0.075611
              Trial  3: relative flow change = 0.005934
              Trial  4: relative flow change = 0.000140
                        maximum  flow change = 0.0018 for Link P33
                        maximum  head error  = 0.0000 for Link P122

    Pass 1: Q=1.0807  H_pump=47.78  PRV_drop=23.29  H_target=24.49  => N=0.8001
      Lua script changed status — re-solving (pass 1)
    20:34:41: Balancing the network:

              Trial  1: relative flow change = 0.368274
              PRV V1 switched from active to open
              Trial  2: relative flow change = 0.323839
              Trial  3: relative flow change = 0.005525
              Trial  4: relative flow change = 0.000034
                        maximum  flow change = 0.0003 for Link P36
                        maximum  head error  = 0.0000 for Link P13

    Pass 2: Q=1.0807  J113_pressure=80.00  N=0.8001  (verify)
    20:34:41: Balanced after 4 trials
    20:34:41: Reservoir R2 is closed
    20:34:41: Tank T1 is emptying at 5.20 m
    20:34:41: Pump PU1 changed from open to closed
   
  Step: N=0.8001  Q=1.0807  J113_P=80.00  J126_P=87.39
    21:00:00: Balancing the network:

              Trial  1: relative flow change = 0.161024
              PRV V1 switched from open to active
              Trial  2: relative flow change = 0.000037
                        maximum  flow change = 0.0005 for Link P6
                        maximum  head error  = 0.0000 for Link P44

    Pass 1: Q=1.0530  H_pump=48.57  PRV_drop=24.52  H_target=24.05  => N=0.7873
      Lua script changed status — re-solving (pass 1)
    21:00:00: Balancing the network:

              Trial  1: relative flow change = 0.432156
              PRV V1 switched from active to open
              Trial  2: relative flow change = 0.375476
              Trial  3: relative flow change = 0.008360
              Trial  4: relative flow change = 0.000067
                        maximum  flow change = 0.0005 for Link P13
                        maximum  head error  = 0.0000 for Link P13

    Pass 2: Q=1.0529  J113_pressure=80.00  N=0.7873  (verify)
    21:00:00: Balanced after 4 trials
   
  Step: N=0.7873  Q=1.0529  J113_P=80.00  J126_P=87.39
    22:00:00: Balancing the network:

              Trial  1: relative flow change = 0.318377
              PRV V1 switched from open to active
              Trial  2: relative flow change = 0.000186
                        maximum  flow change = 0.0024 for Link P6
                        maximum  head error  = 0.0000 for Link P44

    Pass 1: Q=1.0113  H_pump=49.71  PRV_drop=26.15  H_target=23.56  => N=0.7698
      Lua script changed status — re-solving (pass 1)
    22:00:00: Balancing the network:

              Trial  1: relative flow change = 0.583602
              PRV V1 switched from active to open
              Trial  2: relative flow change = 0.493241
              Trial  3: relative flow change = 0.017849
              Trial  4: relative flow change = 0.000287
                        maximum  flow change = 0.0027 for Link P91
                        maximum  head error  = 0.0000 for Link P44

    Pass 2: Q=1.0112  J113_pressure=80.00  N=0.7698  (verify)
    22:00:00: Balanced after 4 trials
   
  Step: N=0.7698  Q=1.0112  J113_P=80.00  J126_P=87.39
    23:00:00: Balancing the network:

              Trial  1: relative flow change = 0.466495
              PRV V1 switched from open to active
              Trial  2: relative flow change = 0.000825
                        maximum  flow change = 0.0078 for Link P6
                        maximum  head error  = 0.0000 for Link P44

    Pass 1: Q=0.9696  H_pump=50.77  PRV_drop=27.58  H_target=23.18  => N=0.7536
      Lua script changed status — re-solving (pass 1)
    23:00:00: Balancing the network:

              Trial  1: relative flow change = 0.884678
              PRV V1 switched from active to open
              Trial  2: relative flow change = 0.726872
              Trial  3: relative flow change = 0.036518
              Trial  4: relative flow change = 0.001189
              Trial  5: relative flow change = 0.000004
                        maximum  flow change = 0.0000 for Link P44
                        maximum  head error  = 0.0000 for Link P44

    Pass 2: Q=0.9695  J113_pressure=80.00  N=0.7536  (verify)
    23:00:00: Balanced after 5 trials
   
  Step: N=0.7536  Q=0.9695  J113_P=80.00  J126_P=87.39
    24:00:00: Balancing the network:

              Trial  1: relative flow change = 0.000012
              PRV V1 switched from open to active
                        maximum  flow change = 0.0001 for Link P125_2
                        maximum  head error  = 0.0000 for Link PU2

              Trial  2: relative flow change = 0.000020
                        maximum  flow change = 0.0001 for Link P126
                        maximum  head error  = 0.0000 for Link P143

    Pass 1: Q=0.9696  H_pump=50.77  PRV_drop=27.51  H_target=23.26  => N=0.7544
      Lua script changed status — re-solving (pass 1)
    24:00:00: Balancing the network:

              Trial  1: relative flow change = 0.884679
              PRV V1 switched from active to open
              Trial  2: relative flow change = 0.726874
              Trial  3: relative flow change = 0.036527
              Trial  4: relative flow change = 0.001189
              Trial  5: relative flow change = 0.000004
                        maximum  flow change = 0.0000 for Link P69
                        maximum  head error  = 0.0000 for Link P44

    Pass 2: Q=0.9695  J113_pressure=80.00  N=0.7544  (verify)
    24:00:00: Balanced after 5 trials
   
  Step: N=0.7544  Q=0.9695  J113_P=80.00  J126_P=87.39
  Hydraulic Flow Balance (L/s)
  ================================
  Total Inflow:            12.314
  Consumer Demand:         13.075
  Demand Deficit:           0.000
  Emitter Flow:             0.000
  Leakage Flow:             0.000
  Total Outflow:           13.075
  Storage Flow:            -0.761
  Flow Ratio:               1.000
  ================================

  Analysis ended Sun Mar 22 23:29:59 2026

   
  Node Results at 0:00:00 hrs:
  ----------------------------------------------
                     Demand      Head  Pressure
  Node                  L/s         m    METERS
  ----------------------------------------------
  J137                 0.00     83.55     57.35
  J138                 0.00    106.60     80.30
  J112                 0.00    106.60     80.20
  J113                 0.00    106.60     80.00
  J126                 0.00    106.59     87.39
   
   
  Link Results at 0:00:00 hrs:
  --------------------------------------------------------
                       Flow  Velocity  Headloss   Setting
  Link                  L/s       m/s    /1000m          
  --------------------------------------------------------
  PU2                  0.97      0.00    -23.05      1.00  Pump
  V1                   0.97      0.05      0.00     80.00  PRV
   
   
  Node Results at 1:00:00 hrs:
  ----------------------------------------------
                     Demand      Head  Pressure
  Node                  L/s         m    METERS
  ----------------------------------------------
  J137                 0.00     83.54     57.34
  J138                 0.00    106.60     80.30
  J112                 0.00    106.60     80.20
  J113                 0.00    106.60     80.00
  J126                 0.00    106.59     87.39
   
   
  Link Results at 1:00:00 hrs:
  --------------------------------------------------------
                       Flow  Velocity  Headloss   Setting
  Link                  L/s       m/s    /1000m          
  --------------------------------------------------------
  PU2                  0.96      0.00    -23.06      1.00  Pump
  V1                   0.96      0.05      0.00     80.00  PRV
   
   
  Node Results at 2:00:00 hrs:
  ----------------------------------------------
                     Demand      Head  Pressure
  Node                  L/s         m    METERS
  ----------------------------------------------
  J137                 0.00     83.54     57.34
  J138                 0.00    106.60     80.30
  J112                 0.00    106.60     80.20
  J113                 0.00    106.60     80.00
  J126                 0.00    106.59     87.39
   
   
  Link Results at 2:00:00 hrs:
  --------------------------------------------------------
                       Flow  Velocity  Headloss   Setting
  Link                  L/s       m/s    /1000m          
  --------------------------------------------------------
  PU2                  0.96      0.00    -23.07      1.00  Pump
  V1                   0.96      0.05      0.00     80.00  PRV
   
   
  Node Results at 3:00:00 hrs:
  ----------------------------------------------
                     Demand      Head  Pressure
  Node                  L/s         m    METERS
  ----------------------------------------------
  J137                 0.00     83.35     57.15
  J138                 0.00    106.60     80.30
  J112                 0.00    106.60     80.20
  J113                 0.00    106.60     80.00
  J126                 0.00    106.59     87.39
   
   
  Link Results at 3:00:00 hrs:
  --------------------------------------------------------
                       Flow  Velocity  Headloss   Setting
  Link                  L/s       m/s    /1000m          
  --------------------------------------------------------
  PU2                  0.97      0.00    -23.25      1.00  Pump
  V1                   0.97      0.05      0.00     80.00  PRV
   
   
  Node Results at 4:00:00 hrs:
  ----------------------------------------------
                     Demand      Head  Pressure
  Node                  L/s         m    METERS
  ----------------------------------------------
  J137                 0.00     82.88     56.68
  J138                 0.00    106.60     80.30
  J112                 0.00    106.60     80.20
  J113                 0.00    106.60     80.00
  J126                 0.00    106.59     87.39
   
   
  Link Results at 4:00:00 hrs:
  --------------------------------------------------------
                       Flow  Velocity  Headloss   Setting
  Link                  L/s       m/s    /1000m          
  --------------------------------------------------------
  PU2                  1.00      0.00    -23.72      1.00  Pump
  V1                   1.00      0.06      0.00     80.00  PRV
   
   
  Node Results at 5:00:00 hrs:
  ----------------------------------------------
                     Demand      Head  Pressure
  Node                  L/s         m    METERS
  ----------------------------------------------
  J137                 0.00     81.82     55.62
  J138                 0.00    106.60     80.30
  J112                 0.00    106.60     80.20
  J113                 0.00    106.60     80.00
  J126                 0.01    106.59     87.39
   
   
  Link Results at 5:00:00 hrs:
  --------------------------------------------------------
                       Flow  Velocity  Headloss   Setting
  Link                  L/s       m/s    /1000m          
  --------------------------------------------------------
  PU2                  1.07      0.00    -24.78      1.00  Pump
  V1                   1.07      0.06      0.00     80.00  PRV
   
   
  Node Results at 6:00:00 hrs:
  ----------------------------------------------
                     Demand      Head  Pressure
  Node                  L/s         m    METERS
  ----------------------------------------------
  J137                 0.00     80.79     54.59
  J138                 0.00    106.60     80.30
  J112                 0.00    106.60     80.20
  J113                 0.00    106.60     80.00
  J126                 0.01    106.59     87.39
   
   
  Link Results at 6:00:00 hrs:
  --------------------------------------------------------
                       Flow  Velocity  Headloss   Setting
  Link                  L/s       m/s    /1000m          
  --------------------------------------------------------
  PU2                  1.11      0.00    -25.81      1.00  Pump
  V1                   1.11      0.06      0.00     80.00  PRV
   
   
  Node Results at 7:00:00 hrs:
  ----------------------------------------------
                     Demand      Head  Pressure
  Node                  L/s         m    METERS
  ----------------------------------------------
  J137                 0.00     79.61     53.41
  J138                 0.00    106.60     80.30
  J112                 0.00    106.60     80.20
  J113                 0.00    106.60     80.00
  J126                 0.01    106.59     87.39
   
   
  Link Results at 7:00:00 hrs:
  --------------------------------------------------------
                       Flow  Velocity  Headloss   Setting
  Link                  L/s       m/s    /1000m          
  --------------------------------------------------------
  PU2                  1.15      0.00    -26.99      1.00  Pump
  V1                   1.15      0.07      0.00     80.00  PRV
   
   
  Node Results at 8:00:00 hrs:
  ----------------------------------------------
                     Demand      Head  Pressure
  Node                  L/s         m    METERS
  ----------------------------------------------
  J137                 0.00     80.20     54.00
  J138                 0.00    106.60     80.30
  J112                 0.00    106.60     80.20
  J113                 0.00    106.60     80.00
  J126                 0.01    106.59     87.39
   
   
  Link Results at 8:00:00 hrs:
  --------------------------------------------------------
                       Flow  Velocity  Headloss   Setting
  Link                  L/s       m/s    /1000m          
  --------------------------------------------------------
  PU2                  1.12      0.00    -26.40      1.00  Pump
  V1                   1.12      0.06      0.00     80.00  PRV
   
   
  Node Results at 9:00:00 hrs:
  ----------------------------------------------
                     Demand      Head  Pressure
  Node                  L/s         m    METERS
  ----------------------------------------------
  J137                 0.00     80.73     54.53
  J138                 0.00    106.60     80.30
  J112                 0.00    106.60     80.20
  J113                 0.00    106.60     80.00
  J126                 0.01    106.59     87.39
   
   
  Link Results at 9:00:00 hrs:
  --------------------------------------------------------
                       Flow  Velocity  Headloss   Setting
  Link                  L/s       m/s    /1000m          
  --------------------------------------------------------
  PU2                  1.08      0.00    -25.88      1.00  Pump
  V1                   1.08      0.06      0.00     80.00  PRV
   
   
  Node Results at 10:00:00 hrs:
  ----------------------------------------------
                     Demand      Head  Pressure
  Node                  L/s         m    METERS
  ----------------------------------------------
  J137                 0.00     81.18     54.98
  J138                 0.00    106.60     80.30
  J112                 0.00    106.60     80.20
  J113                 0.00    106.60     80.00
  J126                 0.01    106.59     87.39
   
   
  Link Results at 10:00:00 hrs:
  --------------------------------------------------------
                       Flow  Velocity  Headloss   Setting
  Link                  L/s       m/s    /1000m          
  --------------------------------------------------------
  PU2                  1.05      0.00    -25.42      1.00  Pump
  V1                   1.05      0.06      0.00     80.00  PRV
   
   
  Node Results at 11:00:00 hrs:
  ----------------------------------------------
                     Demand      Head  Pressure
  Node                  L/s         m    METERS
  ----------------------------------------------
  J137                 0.00     88.23     62.03
  J138                 0.00    106.60     80.30
  J112                 0.00    106.60     80.20
  J113                 0.00    106.60     80.00
  J126                 0.01    106.59     87.39
   
   
  Link Results at 11:00:00 hrs:
  --------------------------------------------------------
                       Flow  Velocity  Headloss   Setting
  Link                  L/s       m/s    /1000m          
  --------------------------------------------------------
  PU2                  1.08      0.00    -18.37      1.00  Pump
  V1                   1.08      0.06      0.00     80.00  PRV
   
   
  Node Results at 12:00:00 hrs:
  ----------------------------------------------
                     Demand      Head  Pressure
  Node                  L/s         m    METERS
  ----------------------------------------------
  J137                 0.00     88.14     61.94
  J138                 0.00    106.60     80.30
  J112                 0.00    106.60     80.20
  J113                 0.00    106.60     80.00
  J126                 0.01    106.59     87.39
   
   
  Link Results at 12:00:00 hrs:
  --------------------------------------------------------
                       Flow  Velocity  Headloss   Setting
  Link                  L/s       m/s    /1000m          
  --------------------------------------------------------
  PU2                  1.09      0.00    -18.46      1.00  Pump
  V1                   1.09      0.06      0.00     80.00  PRV
   
   
  Node Results at 13:00:00 hrs:
  ----------------------------------------------
                     Demand      Head  Pressure
  Node                  L/s         m    METERS
  ----------------------------------------------
  J137                 0.00     88.45     62.25
  J138                 0.00    106.60     80.30
  J112                 0.00    106.60     80.20
  J113                 0.00    106.60     80.00
  J126                 0.01    106.59     87.39
   
   
  Link Results at 13:00:00 hrs:
  --------------------------------------------------------
                       Flow  Velocity  Headloss   Setting
  Link                  L/s       m/s    /1000m          
  --------------------------------------------------------
  PU2                  1.08      0.00    -18.15      1.00  Pump
  V1                   1.08      0.06      0.00     80.00  PRV
   
   
  Node Results at 14:00:00 hrs:
  ----------------------------------------------
                     Demand      Head  Pressure
  Node                  L/s         m    METERS
  ----------------------------------------------
  J137                 0.00     89.08     62.88
  J138                 0.00    106.60     80.30
  J112                 0.00    106.60     80.20
  J113                 0.00    106.60     80.00
  J126                 0.01    106.59     87.39
   
   
  Link Results at 14:00:00 hrs:
  --------------------------------------------------------
                       Flow  Velocity  Headloss   Setting
  Link                  L/s       m/s    /1000m          
  --------------------------------------------------------
  PU2                  1.05      0.00    -17.52      1.00  Pump
  V1                   1.05      0.06      0.00     80.00  PRV
   
   
  Node Results at 15:00:00 hrs:
  ----------------------------------------------
                     Demand      Head  Pressure
  Node                  L/s         m    METERS
  ----------------------------------------------
  J137                 0.00     89.52     63.32
  J138                 0.00    106.60     80.30
  J112                 0.00    106.60     80.20
  J113                 0.00    106.60     80.00
  J126                 0.01    106.59     87.39
   
   
  Link Results at 15:00:00 hrs:
  --------------------------------------------------------
                       Flow  Velocity  Headloss   Setting
  Link                  L/s       m/s    /1000m          
  --------------------------------------------------------
  PU2                  1.03      0.00    -17.08      1.00  Pump
  V1                   1.03      0.06      0.00     80.00  PRV
   
   
  Node Results at 16:00:00 hrs:
  ----------------------------------------------
                     Demand      Head  Pressure
  Node                  L/s         m    METERS
  ----------------------------------------------
  J137                 0.00     89.04     62.84
  J138                 0.00    106.60     80.30
  J112                 0.00    106.60     80.20
  J113                 0.00    106.60     80.00
  J126                 0.01    106.59     87.39
   
   
  Link Results at 16:00:00 hrs:
  --------------------------------------------------------
                       Flow  Velocity  Headloss   Setting
  Link                  L/s       m/s    /1000m          
  --------------------------------------------------------
  PU2                  1.07      0.00    -17.56      1.00  Pump
  V1                   1.07      0.06      0.00     80.00  PRV
   
   
  Node Results at 17:00:00 hrs:
  ----------------------------------------------
                     Demand      Head  Pressure
  Node                  L/s         m    METERS
  ----------------------------------------------
  J137                 0.00     88.73     62.53
  J138                 0.00    106.60     80.30
  J112                 0.00    106.60     80.20
  J113                 0.00    106.60     80.00
  J126                 0.01    106.59     87.39
   
   
  Link Results at 17:00:00 hrs:
  --------------------------------------------------------
                       Flow  Velocity  Headloss   Setting
  Link                  L/s       m/s    /1000m          
  --------------------------------------------------------
  PU2                  1.09      0.00    -17.87      1.00  Pump
  V1                   1.09      0.06      0.00     80.00  PRV
   
   
  Node Results at 18:00:00 hrs:
  ----------------------------------------------
                     Demand      Head  Pressure
  Node                  L/s         m    METERS
  ----------------------------------------------
  J137                 0.00     88.06     61.86
  J138                 0.00    106.60     80.30
  J112                 0.00    106.60     80.20
  J113                 0.00    106.60     80.00
  J126                 0.01    106.59     87.39
   
   
  Link Results at 18:00:00 hrs:
  --------------------------------------------------------
                       Flow  Velocity  Headloss   Setting
  Link                  L/s       m/s    /1000m          
  --------------------------------------------------------
  PU2                  1.15      0.00    -18.54      1.00  Pump
  V1                   1.15      0.07      0.00     80.00  PRV
   
   
  Node Results at 19:00:00 hrs:
  ----------------------------------------------
                     Demand      Head  Pressure
  Node                  L/s         m    METERS
  ----------------------------------------------
  J137                 0.00     88.91     62.71
  J138                 0.00    106.60     80.30
  J112                 0.00    106.60     80.20
  J113                 0.00    106.60     80.00
  J126                 0.01    106.59     87.39
   
   
  Link Results at 19:00:00 hrs:
  --------------------------------------------------------
                       Flow  Velocity  Headloss   Setting
  Link                  L/s       m/s    /1000m          
  --------------------------------------------------------
  PU2                  1.09      0.00    -17.69      1.00  Pump
  V1                   1.09      0.06      0.00     80.00  PRV
   
   
  Node Results at 20:00:00 hrs:
  ----------------------------------------------
                     Demand      Head  Pressure
  Node                  L/s         m    METERS
  ----------------------------------------------
  J137                 0.00     89.20     63.00
  J138                 0.00    106.60     80.30
  J112                 0.00    106.60     80.20
  J113                 0.00    106.60     80.00
  J126                 0.01    106.59     87.39
   
   
  Link Results at 20:00:00 hrs:
  --------------------------------------------------------
                       Flow  Velocity  Headloss   Setting
  Link                  L/s       m/s    /1000m          
  --------------------------------------------------------
  PU2                  1.08      0.00    -17.40      1.00  Pump
  V1                   1.08      0.06      0.00     80.00  PRV
   
   
  Node Results at 21:00:00 hrs:
  ----------------------------------------------
                     Demand      Head  Pressure
  Node                  L/s         m    METERS
  ----------------------------------------------
  J137                 0.00     82.55     56.35
  J138                 0.00    106.60     80.30
  J112                 0.00    106.60     80.20
  J113                 0.00    106.60     80.00
  J126                 0.01    106.59     87.39
   
   
  Link Results at 21:00:00 hrs:
  --------------------------------------------------------
                       Flow  Velocity  Headloss   Setting
  Link                  L/s       m/s    /1000m          
  --------------------------------------------------------
  PU2                  1.05      0.00    -24.05      1.00  Pump
  V1                   1.05      0.06      0.00     80.00  PRV
   
   
  Node Results at 22:00:00 hrs:
  ----------------------------------------------
                     Demand      Head  Pressure
  Node                  L/s         m    METERS
  ----------------------------------------------
  J137                 0.00     83.04     56.84
  J138                 0.00    106.60     80.30
  J112                 0.00    106.60     80.20
  J113                 0.00    106.60     80.00
  J126                 0.01    106.59     87.39
   
   
  Link Results at 22:00:00 hrs:
  --------------------------------------------------------
                       Flow  Velocity  Headloss   Setting
  Link                  L/s       m/s    /1000m          
  --------------------------------------------------------
  PU2                  1.01      0.00    -23.56      1.00  Pump
  V1                   1.01      0.06      0.00     80.00  PRV
   
   
  Node Results at 23:00:00 hrs:
  ----------------------------------------------
                     Demand      Head  Pressure
  Node                  L/s         m    METERS
  ----------------------------------------------
  J137                 0.00     83.42     57.22
  J138                 0.00    106.60     80.30
  J112                 0.00    106.60     80.20
  J113                 0.00    106.60     80.00
  J126                 0.00    106.59     87.39
   
   
  Link Results at 23:00:00 hrs:
  --------------------------------------------------------
                       Flow  Velocity  Headloss   Setting
  Link                  L/s       m/s    /1000m          
  --------------------------------------------------------
  PU2                  0.97      0.00    -23.19      1.00  Pump
  V1                   0.97      0.05      0.00     80.00  PRV
   
   
  Node Results at 24:00:00 hrs:
  ----------------------------------------------
                     Demand      Head  Pressure
  Node                  L/s         m    METERS
  ----------------------------------------------
  J137                 0.00     83.34     57.14
  J138                 0.00    106.60     80.30
  J112                 0.00    106.60     80.20
  J113                 0.00    106.60     80.00
  J126                 0.00    106.59     87.39
   
   
  Link Results at 24:00:00 hrs:
  --------------------------------------------------------
                       Flow  Velocity  Headloss   Setting
  Link                  L/s       m/s    /1000m          
  --------------------------------------------------------
  PU2                  0.97      0.00    -23.26      1.00  Pump
  V1                   0.97      0.05      0.00     80.00  PRV
   